Archive member included to satisfy reference by file (symbol)

/home/taifur/qorc-sdk/qf_apps/qf_ssi_ai_app/knowledgepack/sensiml/libsensiml.a(kb.o)
                              /home/taifur/qorc-sdk/qf_apps/qf_ssi_ai_app/GCC_Project/output/main.o (kb_model_init)
/home/taifur/qorc-sdk/qf_apps/qf_ssi_ai_app/knowledgepack/sensiml/libsensiml.a(pme.o)
                              /home/taifur/qorc-sdk/qf_apps/qf_ssi_ai_app/knowledgepack/sensiml/libsensiml.a(kb.o) (pme_simple_init)
/home/taifur/qorc-sdk/qf_apps/qf_ssi_ai_app/knowledgepack/sensiml/libsensiml.a(dsp_l1_distance.o)
                              /home/taifur/qorc-sdk/qf_apps/qf_ssi_ai_app/knowledgepack/sensiml/libsensiml.a(pme.o) (l1_distance)
/home/taifur/qorc-sdk/qf_apps/qf_ssi_ai_app/knowledgepack/sensiml/libsensiml.a(dsp_dtw_distance.o)
                              /home/taifur/qorc-sdk/qf_apps/qf_ssi_ai_app/knowledgepack/sensiml/libsensiml.a(pme.o) (compute_distance_matrix)
/home/taifur/qorc-sdk/qf_apps/qf_ssi_ai_app/knowledgepack/sensiml/libsensiml.a(sorted_copy.o)
                              /home/taifur/qorc-sdk/qf_apps/qf_ssi_ai_app/knowledgepack/sensiml/libsensiml.a(kb.o) (sorted_copy)
/home/taifur/qorc-sdk/qf_apps/qf_ssi_ai_app/knowledgepack/sensiml/libsensiml.a(utils_bitwise_abs_val.o)
                              /home/taifur/qorc-sdk/qf_apps/qf_ssi_ai_app/knowledgepack/sensiml/libsensiml.a(dsp_l1_distance.o) (bitwise_absolute_value)
/home/taifur/qorc-sdk/qf_apps/qf_ssi_ai_app/knowledgepack/sensiml/libsensiml.a(sg_windowing.o)
                              /home/taifur/qorc-sdk/qf_apps/qf_ssi_ai_app/knowledgepack/sensiml/libsensiml.a(kb.o) (tr_windowing_init)
/home/taifur/qorc-sdk/qf_apps/qf_ssi_ai_app/knowledgepack/sensiml/libsensiml.a(kb_pipeline.o)
                              /home/taifur/qorc-sdk/qf_apps/qf_ssi_ai_app/knowledgepack/sensiml/libsensiml.a(kb.o) (KB_data_streaming_load_pipeline_rank_0)
/home/taifur/qorc-sdk/qf_apps/qf_ssi_ai_app/knowledgepack/sensiml/libsensiml.a(fg_stats_mean.o)
                              /home/taifur/qorc-sdk/qf_apps/qf_ssi_ai_app/knowledgepack/sensiml/libsensiml.a(kb_pipeline.o) (fg_stats_mean)
/home/taifur/qorc-sdk/qf_apps/qf_ssi_ai_app/knowledgepack/sensiml/libsensiml.a(save_sensor_data.o)
                              /home/taifur/qorc-sdk/qf_apps/qf_ssi_ai_app/knowledgepack/sensiml/libsensiml.a(kb_pipeline.o) (saveSensorData)
/home/taifur/qorc-sdk/qf_apps/qf_ssi_ai_app/knowledgepack/sensiml/libsensiml.a(pme_trained_neurons.o)
                              /home/taifur/qorc-sdk/qf_apps/qf_ssi_ai_app/knowledgepack/sensiml/libsensiml.a(kb.o) (kb_classifier_rows)
/home/taifur/qorc-sdk/qf_apps/qf_ssi_ai_app/knowledgepack/sensiml/libsensiml.a(sortarray.o)
                              /home/taifur/qorc-sdk/qf_apps/qf_ssi_ai_app/knowledgepack/sensiml/libsensiml.a(sorted_copy.o) (sortarray)
/home/taifur/qorc-sdk/qf_apps/qf_ssi_ai_app/knowledgepack/sensiml/libsensiml.a(dsp_lsup_distance.o)
                              /home/taifur/qorc-sdk/qf_apps/qf_ssi_ai_app/knowledgepack/sensiml/libsensiml.a(pme.o) (lsup_distance)
/home/taifur/qorc-sdk/qf_apps/qf_ssi_ai_app/knowledgepack/sensiml/libsensiml.a(fg_roc_sigma_crossing_rate.o)
                              /home/taifur/qorc-sdk/qf_apps/qf_ssi_ai_app/knowledgepack/sensiml/libsensiml.a(kb_pipeline.o) (fg_roc_sigma_crossing_rate)
/home/taifur/qorc-sdk/qf_apps/qf_ssi_ai_app/knowledgepack/sensiml/libsensiml.a(rb.o)
                              /home/taifur/qorc-sdk/qf_apps/qf_ssi_ai_app/knowledgepack/sensiml/libsensiml.a(kb.o) (next_pow_2)
/home/taifur/qorc-sdk/qf_apps/qf_ssi_ai_app/knowledgepack/sensiml/libsensiml.a(fg_stats_pct025.o)
                              /home/taifur/qorc-sdk/qf_apps/qf_ssi_ai_app/knowledgepack/sensiml/libsensiml.a(kb_pipeline.o) (fg_stats_pct025)
/home/taifur/qorc-sdk/qf_apps/qf_ssi_ai_app/knowledgepack/sensiml/libsensiml.a(stats_percentile_presorted.o)
                              /home/taifur/qorc-sdk/qf_apps/qf_ssi_ai_app/knowledgepack/sensiml/libsensiml.a(fg_stats_pct025.o) (stats_percentile_presorted)
/home/taifur/qorc-sdk/qf_apps/qf_ssi_ai_app/knowledgepack/sensiml/libsensiml.a(fg_stats_pct100.o)
                              /home/taifur/qorc-sdk/qf_apps/qf_ssi_ai_app/knowledgepack/sensiml/libsensiml.a(kb_pipeline.o) (fg_stats_pct100)
/home/taifur/qorc-sdk/qf_apps/qf_ssi_ai_app/knowledgepack/sensiml/libsensiml.a(fg_stats_abs_sum.o)
                              /home/taifur/qorc-sdk/qf_apps/qf_ssi_ai_app/knowledgepack/sensiml/libsensiml.a(kb_pipeline.o) (fg_stats_abs_sum)
/home/taifur/qorc-sdk/qf_apps/qf_ssi_ai_app/knowledgepack/sensiml/libsensiml.a(utils_tr_sensor.o)
                              /home/taifur/qorc-sdk/qf_apps/qf_ssi_ai_app/knowledgepack/sensiml/libsensiml.a(kb_pipeline.o) (tr_sensor_sensors)
/home/taifur/qorc-sdk/qf_apps/qf_ssi_ai_app/knowledgepack/sensiml/libsensiml.a(fg_stats_median.o)
[...]
Memory Configuration

Name             Origin             Length             Attributes
rom              0x0000000000000000 0x000000000002c000 xr
ram              0x000000002002c000 0x000000000003c800 xrw
spiram           0x0000000020063800 0x0000000000000800 rw
HWA              0x0000000020064000 0x0000000000018000 rw
shm              0x000000002007c000 0x0000000000004000
*default*        0x0000000000000000 0xffffffffffffffff

Linker script and memory map

LOAD /home/taifur/qorc-sdk/arm_toolchain_install/gcc-arm-none-eabi-9-2020-q2-update/bin/../lib/gcc/arm-none-eabi/9.3.1/thumb/v7e-m+fp/hard/crti.o
LOAD /home/taifur/qorc-sdk/arm_toolchain_install/gcc-arm-none-eabi-9-2020-q2-update/bin/../lib/gcc/arm-none-eabi/9.3.1/thumb/v7e-m+fp/hard/crtbegin.o
LOAD /home/taifur/qorc-sdk/arm_toolchain_install/gcc-arm-none-eabi-9-2020-q2-update/bin/../lib/gcc/arm-none-eabi/9.3.1/../../../../arm-none-eabi/lib/thumb/v7e-m+fp/hard/crt0.o
LOAD /home/taifur/qorc-sdk/qf_apps/qf_ssi_ai_app/GCC_Project/output/ADS1X15.o
LOAD /home/taifur/qorc-sdk/qf_apps/qf_ssi_ai_app/GCC_Project/output/MQTTSNConnectClient.o
LOAD /home/taifur/qorc-sdk/qf_apps/qf_ssi_ai_app/GCC_Project/output/MQTTSNConnectServer.o
LOAD /home/taifur/qorc-sdk/qf_apps/qf_ssi_ai_app/GCC_Project/output/MQTTSNDeserializePublish.o
LOAD /home/taifur/qorc-sdk/qf_apps/qf_ssi_ai_app/GCC_Project/output/MQTTSNPacket.o
LOAD /home/taifur/qorc-sdk/qf_apps/qf_ssi_ai_app/GCC_Project/output/MQTTSNSearchClient.o
LOAD /home/taifur/qorc-sdk/qf_apps/qf_ssi_ai_app/GCC_Project/output/MQTTSNSerializePublish.o
LOAD /home/taifur/qorc-sdk/qf_apps/qf_ssi_ai_app/GCC_Project/output/MQTTSNSubscribeClient.o
LOAD /home/taifur/qorc-sdk/qf_apps/qf_ssi_ai_app/GCC_Project/output/MQTTSNUnsubscribeClient.o
LOAD /home/taifur/qorc-sdk/qf_apps/qf_ssi_ai_app/GCC_Project/output/MajorTopicDispatch.o
LOAD /home/taifur/qorc-sdk/qf_apps/qf_ssi_ai_app/GCC_Project/output/MinorTopicDispatch_Collect.o
LOAD /home/taifur/qorc-sdk/qf_apps/qf_ssi_ai_app/GCC_Project/output/MinorTopicDispatch_Live.o
LOAD /home/taifur/qorc-sdk/qf_apps/qf_ssi_ai_app/GCC_Project/output/MinorTopicDispatch_Recog.o
LOAD /home/taifur/qorc-sdk/qf_apps/qf_ssi_ai_app/GCC_Project/output/MinorTopicDispatch_Sensor.o
LOAD /home/taifur/qorc-sdk/qf_apps/qf_ssi_ai_app/GCC_Project/output/MinorTopicDispatch_Storage.o
LOAD /home/taifur/qorc-sdk/qf_apps/qf_ssi_ai_app/GCC_Project/output/MinorTopicDispatch_System.o
LOAD /home/taifur/qorc-sdk/qf_apps/qf_ssi_ai_app/GCC_Project/output/Mqttsn_App.o
LOAD /home/taifur/qorc-sdk/qf_apps/qf_ssi_ai_app/GCC_Project/output/Mqttsn_CliCmds.o
LOAD /home/taifur/qorc-sdk/qf_apps/qf_ssi_ai_app/GCC_Project/output/Mqttsn_MsgHandler.o
LOAD /home/taifur/qorc-sdk/qf_apps/qf_ssi_ai_app/GCC_Project/output/Mqttsn_Topics.o
LOAD /home/taifur/qorc-sdk/qf_apps/qf_ssi_ai_app/GCC_Project/output/SeeedOLED.o
LOAD /home/taifur/qorc-sdk/qf_apps/qf_ssi_ai_app/GCC_Project/output/Wire.o
LOAD /home/taifur/qorc-sdk/qf_apps/qf_ssi_ai_app/GCC_Project/output/battery_level_monitor.o
LOAD /home/taifur/qorc-sdk/qf_apps/qf_ssi_ai_app/GCC_Project/output/c_lib_retarget.o
LOAD /home/taifur/qorc-sdk/qf_apps/qf_ssi_ai_app/GCC_Project/output/circularBuffQueue.o
LOAD /home/taifur/qorc-sdk/qf_apps/qf_ssi_ai_app/GCC_Project/output/cli_args.o
LOAD /home/taifur/qorc-sdk/qf_apps/qf_ssi_ai_app/GCC_Project/output/cli_hexdump.o
LOAD /home/taifur/qorc-sdk/qf_apps/qf_ssi_ai_app/GCC_Project/output/cli_io.o
LOAD /home/taifur/qorc-sdk/qf_apps/qf_ssi_ai_app/GCC_Project/output/cli_loop.o
LOAD /home/taifur/qorc-sdk/qf_apps/qf_ssi_ai_app/GCC_Project/output/cli_misc.o
LOAD /home/taifur/qorc-sdk/qf_apps/qf_ssi_ai_app/GCC_Project/output/cli_platform.o
LOAD /home/taifur/qorc-sdk/qf_apps/qf_ssi_ai_app/GCC_Project/output/cli_stdcmds.o
LOAD /home/taifur/qorc-sdk/qf_apps/qf_ssi_ai_app/GCC_Project/output/crc16.o
LOAD /home/taifur/qorc-sdk/qf_apps/qf_ssi_ai_app/GCC_Project/output/crc32.o
LOAD /home/taifur/qorc-sdk/qf_apps/qf_ssi_ai_app/GCC_Project/output/croutine.o
LOAD /home/taifur/qorc-sdk/qf_apps/qf_ssi_ai_app/GCC_Project/output/datablk_mgr.o
LOAD /home/taifur/qorc-sdk/qf_apps/qf_ssi_ai_app/GCC_Project/output/datablk_processor.o
LOAD /home/taifur/qorc-sdk/qf_apps/qf_ssi_ai_app/GCC_Project/output/datasave.o
LOAD /home/taifur/qorc-sdk/qf_apps/qf_ssi_ai_app/GCC_Project/output/dbg_bufferedprinttask.o
LOAD /home/taifur/qorc-sdk/qf_apps/qf_ssi_ai_app/GCC_Project/output/dbg_queue_monitor.o
LOAD /home/taifur/qorc-sdk/qf_apps/qf_ssi_ai_app/GCC_Project/output/dbg_uart.o
LOAD /home/taifur/qorc-sdk/qf_apps/qf_ssi_ai_app/GCC_Project/output/dbgtrace.o
LOAD /home/taifur/qorc-sdk/qf_apps/qf_ssi_ai_app/GCC_Project/output/eoss3_hal_adc.o
LOAD /home/taifur/qorc-sdk/qf_apps/qf_ssi_ai_app/GCC_Project/output/eoss3_hal_audio.o
LOAD /home/taifur/qorc-sdk/qf_apps/qf_ssi_ai_app/GCC_Project/output/eoss3_hal_fpga_usbserial.o
LOAD /home/taifur/qorc-sdk/qf_apps/qf_ssi_ai_app/GCC_Project/output/eoss3_hal_gpio.o
LOAD /home/taifur/qorc-sdk/qf_apps/qf_ssi_ai_app/GCC_Project/output/eoss3_hal_i2c.o
LOAD /home/taifur/qorc-sdk/qf_apps/qf_ssi_ai_app/GCC_Project/output/eoss3_hal_i2s.o
LOAD /home/taifur/qorc-sdk/qf_apps/qf_ssi_ai_app/GCC_Project/output/eoss3_hal_i2s_slave_assp.o
LOAD /home/taifur/qorc-sdk/qf_apps/qf_ssi_ai_app/GCC_Project/output/eoss3_hal_pad_config.o
LOAD /home/taifur/qorc-sdk/qf_apps/qf_ssi_ai_app/GCC_Project/output/eoss3_hal_pkfb.o
LOAD /home/taifur/qorc-sdk/qf_apps/qf_ssi_ai_app/GCC_Project/output/eoss3_hal_rtc.o
LOAD /home/taifur/qorc-sdk/qf_apps/qf_ssi_ai_app/GCC_Project/output/eoss3_hal_sdma.o
LOAD /home/taifur/qorc-sdk/qf_apps/qf_ssi_ai_app/GCC_Project/output/eoss3_hal_spi.o
LOAD /home/taifur/qorc-sdk/qf_apps/qf_ssi_ai_app/GCC_Project/output/eoss3_hal_timer.o
LOAD /home/taifur/qorc-sdk/qf_apps/qf_ssi_ai_app/GCC_Project/output/eoss3_hal_uart.o
LOAD /home/taifur/qorc-sdk/qf_apps/qf_ssi_ai_app/GCC_Project/output/eoss3_hal_wb.o
LOAD /home/taifur/qorc-sdk/qf_apps/qf_ssi_ai_app/GCC_Project/output/eoss3_hal_wdt.o
LOAD /home/taifur/qorc-sdk/qf_apps/qf_ssi_ai_app/GCC_Project/output/event_groups.o
LOAD /home/taifur/qorc-sdk/qf_apps/qf_ssi_ai_app/GCC_Project/output/exceptions.o
LOAD /home/taifur/qorc-sdk/qf_apps/qf_ssi_ai_app/GCC_Project/output/ff.o
LOAD /home/taifur/qorc-sdk/qf_apps/qf_ssi_ai_app/GCC_Project/output/ffunicode.o
LOAD /home/taifur/qorc-sdk/qf_apps/qf_ssi_ai_app/GCC_Project/output/fpga_loader.o
LOAD /home/taifur/qorc-sdk/qf_apps/qf_ssi_ai_app/GCC_Project/output/freertos_static_memory.o
LOAD /home/taifur/qorc-sdk/qf_apps/qf_ssi_ai_app/GCC_Project/output/heap_4.o
LOAD /home/taifur/qorc-sdk/qf_apps/qf_ssi_ai_app/GCC_Project/output/hearable_pwrcfg.o
LOAD /home/taifur/qorc-sdk/qf_apps/qf_ssi_ai_app/GCC_Project/output/leds.o
LOAD /home/taifur/qorc-sdk/qf_apps/qf_ssi_ai_app/GCC_Project/output/list.o
LOAD /home/taifur/qorc-sdk/qf_apps/qf_ssi_ai_app/GCC_Project/output/main.o
LOAD /home/taifur/qorc-sdk/qf_apps/qf_ssi_ai_app/GCC_Project/output/main_dbg_cli_menu.o
LOAD /home/taifur/qorc-sdk/qf_apps/qf_ssi_ai_app/GCC_Project/output/mc3635.o
LOAD /home/taifur/qorc-sdk/qf_apps/qf_ssi_ai_app/GCC_Project/output/mc3635_wire.o
LOAD /home/taifur/qorc-sdk/qf_apps/qf_ssi_ai_app/GCC_Project/output/micro_tick64.o
LOAD /home/taifur/qorc-sdk/qf_apps/qf_ssi_ai_app/GCC_Project/output/mmc_s3.o
LOAD /home/taifur/qorc-sdk/qf_apps/qf_ssi_ai_app/GCC_Project/output/pincfg_table.o
LOAD /home/taifur/qorc-sdk/qf_apps/qf_ssi_ai_app/GCC_Project/output/port.o
LOAD /home/taifur/qorc-sdk/qf_apps/qf_ssi_ai_app/GCC_Project/output/qf_baremetalsetup.o
LOAD /home/taifur/qorc-sdk/qf_apps/qf_ssi_ai_app/GCC_Project/output/qf_hardwaresetup.o
LOAD /home/taifur/qorc-sdk/qf_apps/qf_ssi_ai_app/GCC_Project/output/ql_base64.o
LOAD /home/taifur/qorc-sdk/qf_apps/qf_ssi_ai_app/GCC_Project/output/ql_stackwatermark.o
LOAD /home/taifur/qorc-sdk/qf_apps/qf_ssi_ai_app/GCC_Project/output/ql_test_signals.o
LOAD /home/taifur/qorc-sdk/qf_apps/qf_ssi_ai_app/GCC_Project/output/ql_time.o
LOAD /home/taifur/qorc-sdk/qf_apps/qf_ssi_ai_app/GCC_Project/output/queue.o
LOAD /home/taifur/qorc-sdk/qf_apps/qf_ssi_ai_app/GCC_Project/output/riff_block_pool.o
LOAD /home/taifur/qorc-sdk/qf_apps/qf_ssi_ai_app/GCC_Project/output/riff_file.o
LOAD /home/taifur/qorc-sdk/qf_apps/qf_ssi_ai_app/GCC_Project/output/riff_file_fatfs.o
LOAD /home/taifur/qorc-sdk/qf_apps/qf_ssi_ai_app/GCC_Project/output/riff_file_freertos_fat.o
LOAD /home/taifur/qorc-sdk/qf_apps/qf_ssi_ai_app/GCC_Project/output/riff_misc.o
LOAD /home/taifur/qorc-sdk/qf_apps/qf_ssi_ai_app/GCC_Project/output/riff_writer.o
LOAD /home/taifur/qorc-sdk/qf_apps/qf_ssi_ai_app/GCC_Project/output/s3x_clock.o
LOAD /home/taifur/qorc-sdk/qf_apps/qf_ssi_ai_app/GCC_Project/output/s3x_clock_hal.o
LOAD /home/taifur/qorc-sdk/qf_apps/qf_ssi_ai_app/GCC_Project/output/s3x_cpuload.o
LOAD /home/taifur/qorc-sdk/qf_apps/qf_ssi_ai_app/GCC_Project/output/s3x_dfs.o
LOAD /home/taifur/qorc-sdk/qf_apps/qf_ssi_ai_app/GCC_Project/output/s3x_lpm.o
LOAD /home/taifur/qorc-sdk/qf_apps/qf_ssi_ai_app/GCC_Project/output/s3x_pi.o
LOAD /home/taifur/qorc-sdk/qf_apps/qf_ssi_ai_app/GCC_Project/output/s3x_pwrcfg.o
LOAD /home/taifur/qorc-sdk/qf_apps/qf_ssi_ai_app/GCC_Project/output/s3x_qos.o
LOAD /home/taifur/qorc-sdk/qf_apps/qf_ssi_ai_app/GCC_Project/output/sec_debug.o
LOAD /home/taifur/qorc-sdk/qf_apps/qf_ssi_ai_app/GCC_Project/output/sensor_audio_acquisition.o
LOAD /home/taifur/qorc-sdk/qf_apps/qf_ssi_ai_app/GCC_Project/output/sensor_audio_acquisition_test.o
LOAD /home/taifur/qorc-sdk/qf_apps/qf_ssi_ai_app/GCC_Project/output/sensor_audio_config.o
LOAD /home/taifur/qorc-sdk/qf_apps/qf_ssi_ai_app/GCC_Project/output/sensor_audio_process.o
LOAD /home/taifur/qorc-sdk/qf_apps/qf_ssi_ai_app/GCC_Project/output/sensor_ssss.o
LOAD /home/taifur/qorc-sdk/qf_apps/qf_ssi_ai_app/GCC_Project/output/sml_output.o
LOAD /home/taifur/qorc-sdk/qf_apps/qf_ssi_ai_app/GCC_Project/output/sml_recognition_run.o
LOAD /home/taifur/qorc-sdk/qf_apps/qf_ssi_ai_app/GCC_Project/output/spi_flash.o
LOAD /home/taifur/qorc-sdk/qf_apps/qf_ssi_ai_app/GCC_Project/output/ssi_comms.o
LOAD /home/taifur/qorc-sdk/qf_apps/qf_ssi_ai_app/GCC_Project/output/startup_EOSS3B_GCC.o
LOAD /home/taifur/qorc-sdk/qf_apps/qf_ssi_ai_app/GCC_Project/output/stream_buffer.o
LOAD /home/taifur/qorc-sdk/qf_apps/qf_ssi_ai_app/GCC_Project/output/tasks.o
LOAD /home/taifur/qorc-sdk/qf_apps/qf_ssi_ai_app/GCC_Project/output/timers.o
LOAD /home/taifur/qorc-sdk/qf_apps/qf_ssi_ai_app/GCC_Project/output/usb2serial.o
LOAD /home/taifur/qorc-sdk/qf_apps/qf_ssi_ai_app/GCC_Project/output/vectors_CM4F_gcc.o
LOAD /home/taifur/qorc-sdk/qf_apps/qf_ssi_ai_app/GCC_Project/output/watchdog.o
LOAD /home/taifur/qorc-sdk/qf_apps/qf_ssi_ai_app/knowledgepack/sensiml/libsensiml.a
LOAD /home/taifur/qorc-sdk/qf_apps/qf_ssi_ai_app/GCC_Project/../../../Libraries/CMSIS/lib/GCC/libarm_cortexM4lf_math.a
LOAD /home/taifur/qorc-sdk/arm_toolchain_install/gcc-arm-none-eabi-9-2020-q2-update/bin/../lib/gcc/arm-none-eabi/9.3.1/../../../../arm-none-eabi/lib/thumb/v7e-m+fp/hard/libstdc++_nano.a
LOAD /home/taifur/qorc-sdk/arm_toolchain_install/gcc-arm-none-eabi-9-2020-q2-update/bin/../lib/gcc/arm-none-eabi/9.3.1/../../../../arm-none-eabi/lib/thumb/v7e-m+fp/hard/libm.a
START GROUP
LOAD /home/taifur/qorc-sdk/arm_toolchain_install/gcc-arm-none-eabi-9-2020-q2-update/bin/../lib/gcc/arm-none-eabi/9.3.1/thumb/v7e-m+fp/hard/libgcc.a
LOAD /home/taifur/qorc-sdk/arm_toolchain_install/gcc-arm-none-eabi-9-2020-q2-update/bin/../lib/gcc/arm-none-eabi/9.3.1/../../../../arm-none-eabi/lib/thumb/v7e-m+fp/hard/libg_nano.a
LOAD /home/taifur/qorc-sdk/arm_toolchain_install/gcc-arm-none-eabi-9-2020-q2-update/bin/../lib/gcc/arm-none-eabi/9.3.1/../../../../arm-none-eabi/lib/thumb/v7e-m+fp/hard/libc_nano.a
END GROUP
START GROUP
LOAD /home/taifur/qorc-sdk/arm_toolchain_install/gcc-arm-none-eabi-9-2020-q2-update/bin/../lib/gcc/arm-none-eabi/9.3.1/thumb/v7e-m+fp/hard/libgcc.a
LOAD /home/taifur/qorc-sdk/arm_toolchain_install/gcc-arm-none-eabi-9-2020-q2-update/bin/../lib/gcc/arm-none-eabi/9.3.1/../../../../arm-none-eabi/lib/thumb/v7e-m+fp/hard/libc_nano.a
LOAD /home/taifur/qorc-sdk/arm_toolchain_install/gcc-arm-none-eabi-9-2020-q2-update/bin/../lib/gcc/arm-none-eabi/9.3.1/../../../../arm-none-eabi/lib/thumb/v7e-m+fp/hard/libnosys.a
END GROUP
START GROUP
LOAD /home/taifur/qorc-sdk/arm_toolchain_install/gcc-arm-none-eabi-9-2020-q2-update/bin/../lib/gcc/arm-none-eabi/9.3.1/thumb/v7e-m+fp/hard/libgcc.a
LOAD /home/taifur/qorc-sdk/arm_toolchain_install/gcc-arm-none-eabi-9-2020-q2-update/bin/../lib/gcc/arm-none-eabi/9.3.1/../../../../arm-none-eabi/lib/thumb/v7e-m+fp/hard/libc_nano.a
LOAD /home/taifur/qorc-sdk/arm_toolchain_install/gcc-arm-none-eabi-9-2020-q2-update/bin/../lib/gcc/arm-none-eabi/9.3.1/../../../../arm-none-eabi/lib/thumb/v7e-m+fp/hard/libnosys.a
END GROUP
LOAD /home/taifur/qorc-sdk/arm_toolchain_install/gcc-arm-none-eabi-9-2020-q2-update/bin/../lib/gcc/arm-none-eabi/9.3.1/thumb/v7e-m+fp/hard/crtend.o
LOAD /home/taifur/qorc-sdk/arm_toolchain_install/gcc-arm-none-eabi-9-2020-q2-update/bin/../lib/gcc/arm-none-eabi/9.3.1/thumb/v7e-m+fp/hard/crtn.o

.text           0x0000000000000000    0x204cf
 *(.isr_vector)
 .isr_vector    0x0000000000000000      0x124 /home/taifur/qorc-sdk/qf_apps/qf_ssi_ai_app/GCC_Project/output/vectors_CM4F_gcc.o
                0x0000000000000000                __Vectors
 *(.text*)
 .text          0x0000000000000124       0x40 /home/taifur/qorc-sdk/arm_toolchain_install/gcc-arm-none-eabi-9-2020-q2-update/bin/../lib/gcc/arm-none-eabi/9.3.1/thumb/v7e-m+fp/hard/crtbegin.o
 .text          0x0000000000000164       0x7c /home/taifur/qorc-sdk/arm_toolchain_install/gcc-arm-none-eabi-9-2020-q2-update/bin/../lib/gcc/arm-none-eabi/9.3.1/../../../../arm-none-eabi/lib/thumb/v7e-m+fp/hard/crt0.o
                0x0000000000000164                _stack_init
                0x000000000000016c                _mainCRTStartup
                0x000000000000016c                _start
 .text._Z5delaym
                0x00000000000001e0        0xa /home/taifur/qorc-sdk/qf_apps/qf_ssi_ai_app/GCC_Project/output/ADS1X15.o
                0x00000000000001e0                delay(unsigned long)
 .text._ZN7ADS1X1511isConnectedEv
                0x00000000000001ea       0x1a /home/taifur/qorc-sdk/qf_apps/qf_ssi_ai_app/GCC_Project/output/ADS1X15.o
                0x00000000000001ea                ADS1X15::isConnected()
 .text._ZN7ADS1X155beginEv
                0x0000000000000204       0x20 /home/taifur/qorc-sdk/qf_apps/qf_ssi_ai_app/GCC_Project/output/ADS1X15.o
                0x0000000000000204                ADS1X15::begin()
 .text._ZN7ADS1X157setGainEh
                0x0000000000000224       0x46 /home/taifur/qorc-sdk/qf_apps/qf_ssi_ai_app/GCC_Project/output/ADS1X15.o
                0x0000000000000224                ADS1X15::setGain(unsigned char)
 *fill*         0x000000000000026a        0x2 
 .text._ZN7ADS1X15C2Ev
                0x000000000000026c       0x1c /home/taifur/qorc-sdk/qf_apps/qf_ssi_ai_app/GCC_Project/output/ADS1X15.o
                0x000000000000026c                ADS1X15::ADS1X15()
                0x000000000000026c                ADS1X15::ADS1X15()
 .text._ZN7ADS1X157setModeEh
                0x0000000000000288        0xe /home/taifur/qorc-sdk/qf_apps/qf_ssi_ai_app/GCC_Project/output/ADS1X15.o
                0x0000000000000288                ADS1X15::setMode(unsigned char)
 .text._ZN7ADS1X1511setDataRateEh
                0x0000000000000296       0x12 /home/taifur/qorc-sdk/qf_apps/qf_ssi_ai_app/GCC_Project/output/ADS1X15.o
                0x0000000000000296                ADS1X15::setDataRate(unsigned char)
 .text._ZN7ADS1X1514_writeRegisterEhht
                0x00000000000002a8       0x34 /home/taifur/qorc-sdk/qf_apps/qf_ssi_ai_app/GCC_Project/output/ADS1X15.o
                0x00000000000002a8                ADS1X15::_writeRegister(unsigned char, unsigned char, unsigned short)
 .text._ZN7ADS1X1511_requestADCEt
                0x00000000000002dc       0x38 /home/taifur/qorc-sdk/qf_apps/qf_ssi_ai_app/GCC_Project/output/ADS1X15.o
                0x00000000000002dc                ADS1X15::_requestADC(unsigned short)
 .text._ZN7ADS1X1513_readRegisterEhh
                0x0000000000000314       0x44 /home/taifur/qorc-sdk/qf_apps/qf_ssi_ai_app/GCC_Project/output/ADS1X15.o
                0x0000000000000314                ADS1X15::_readRegister(unsigned char, unsigned char)
 .text._ZN7ADS1X156isBusyEv
                0x0000000000000358       0x12 /home/taifur/qorc-sdk/qf_apps/qf_ssi_ai_app/GCC_Project/output/ADS1X15.o
                0x0000000000000358                ADS1X15::isBusy()
 .text._ZN7ADS1X158getValueEv
                0x000000000000036a       0x16 /home/taifur/qorc-sdk/qf_apps/qf_ssi_ai_app/GCC_Project/output/ADS1X15.o
                0x000000000000036a                ADS1X15::getValue()
 .text._ZN7ADS1X158_readADCEt
                0x0000000000000380       0x2c /home/taifur/qorc-sdk/qf_apps/qf_ssi_ai_app/GCC_Project/output/ADS1X15.o
                0x0000000000000380                ADS1X15::_readADC(unsigned short)
 .text._ZN7ADS1X157readADCEh
                0x00000000000003ac       0x16 /home/taifur/qorc-sdk/qf_apps/qf_ssi_ai_app/GCC_Project/output/ADS1X15.o
                0x00000000000003ac                ADS1X15::readADC(unsigned char)
 .text._ZN7ADS1115C2EhP7TwoWire
                0x00000000000003c2       0x20 /home/taifur/qorc-sdk/qf_apps/qf_ssi_ai_app/GCC_Project/output/ADS1X15.o
                0x00000000000003c2                ADS1115::ADS1115(unsigned char, TwoWire*)
                0x00000000000003c2                ADS1115::ADS1115(unsigned char, TwoWire*)
 *fill*         0x00000000000003e2        0x2 
 .text._ZN9SeeedOLED11sendCommandEh.constprop.0
                0x00000000000003e4       0x2c /home/taifur/qorc-sdk/qf_apps/qf_ssi_ai_app/GCC_Project/output/SeeedOLED.o
 .text._ZN9SeeedOLED4initEv
                0x0000000000000410       0x18 /home/taifur/qorc-sdk/qf_apps/qf_ssi_ai_app/GCC_Project/output/SeeedOLED.o
                0x0000000000000410                SeeedOLED::init()
 .text._ZN9SeeedOLED11setPageModeEv
                0x0000000000000428       0x16 /home/taifur/qorc-sdk/qf_apps/qf_ssi_ai_app/GCC_Project/output/SeeedOLED.o
                0x0000000000000428                SeeedOLED::setPageMode()
 .text._ZN9SeeedOLED9setTextXYEhh
                0x000000000000043e       0x24 /home/taifur/qorc-sdk/qf_apps/qf_ssi_ai_app/GCC_Project/output/SeeedOLED.o
                0x000000000000043e                SeeedOLED::setTextXY(unsigned char, unsigned char)
 *fill*         0x0000000000000462        0x2 
 .text._ZN9SeeedOLED8sendDataEh
                0x0000000000000464       0x2c /home/taifur/qorc-sdk/qf_apps/qf_ssi_ai_app/GCC_Project/output/SeeedOLED.o
                0x0000000000000464                SeeedOLED::sendData(unsigned char)
 .text._ZN9SeeedOLED7putCharEh
                0x0000000000000490       0x34 /home/taifur/qorc-sdk/qf_apps/qf_ssi_ai_app/GCC_Project/output/SeeedOLED.o
                0x0000000000000490                SeeedOLED::putChar(unsigned char)
 .text._ZN9SeeedOLED12clearDisplayEv
                0x00000000000004c4       0x42 /home/taifur/qorc-sdk/qf_apps/qf_ssi_ai_app/GCC_Project/output/SeeedOLED.o
                0x00000000000004c4                SeeedOLED::clearDisplay()
 .text._ZN9SeeedOLED9putStringEPKc
                0x0000000000000506       0x1c /home/taifur/qorc-sdk/qf_apps/qf_ssi_ai_app/GCC_Project/output/SeeedOLED.o
                0x0000000000000506                SeeedOLED::putString(char const*)
 .text._ZN9SeeedOLED9putNumberEl
                0x0000000000000522       0x6e /home/taifur/qorc-sdk/qf_apps/qf_ssi_ai_app/GCC_Project/output/SeeedOLED.o
                0x0000000000000522                SeeedOLED::putNumber(long)
 .text._ZN9SeeedOLED16setNormalDisplayEv
                0x0000000000000590        0x6 /home/taifur/qorc-sdk/qf_apps/qf_ssi_ai_app/GCC_Project/output/SeeedOLED.o
                0x0000000000000590                SeeedOLED::setNormalDisplay()
 *fill*         0x0000000000000596        0x2 
 .text._ZN7TwoWire5beginEv
                0x0000000000000598       0x24 /home/taifur/qorc-sdk/qf_apps/qf_ssi_ai_app/GCC_Project/output/Wire.o
                0x0000000000000598                TwoWire::begin()
 .text._ZN7TwoWire17beginTransmissionEi
                0x00000000000005bc       0x1c /home/taifur/qorc-sdk/qf_apps/qf_ssi_ai_app/GCC_Project/output/Wire.o
                0x00000000000005bc                TwoWire::beginTransmission(int)
 .text._ZN7TwoWire15endTransmissionEi
                0x00000000000005d8       0x28 /home/taifur/qorc-sdk/qf_apps/qf_ssi_ai_app/GCC_Project/output/Wire.o
                0x00000000000005d8                TwoWire::endTransmission(int)
 .text._ZN7TwoWire15endTransmissionEv
                0x0000000000000600        0x6 /home/taifur/qorc-sdk/qf_apps/qf_ssi_ai_app/GCC_Project/output/Wire.o
                0x0000000000000600                TwoWire::endTransmission()
 *fill*         0x0000000000000606        0x2 
 .text._ZN7TwoWire11requestFromEiib
                0x0000000000000608       0x28 /home/taifur/qorc-sdk/qf_apps/qf_ssi_ai_app/GCC_Project/output/Wire.o
                0x0000000000000608                TwoWire::requestFrom(int, int, bool)
 .text._ZN7TwoWire11requestFromEii
                0x0000000000000630        0x6 /home/taifur/qorc-sdk/qf_apps/qf_ssi_ai_app/GCC_Project/output/Wire.o
                0x0000000000000630                TwoWire::requestFrom(int, int)
 *fill*         0x0000000000000636        0x2 
 .text._ZN7TwoWire5writeEPKhi
                0x0000000000000638       0x38 /home/taifur/qorc-sdk/qf_apps/qf_ssi_ai_app/GCC_Project/output/Wire.o
                0x0000000000000638                TwoWire::write(unsigned char const*, int)
 .text._ZN7TwoWire5writeEh
                0x0000000000000670       0x16 /home/taifur/qorc-sdk/qf_apps/qf_ssi_ai_app/GCC_Project/output/Wire.o
                0x0000000000000670                TwoWire::write(unsigned char)
 *fill*         0x0000000000000686        0x2 
 .text._ZN7TwoWire4readEv
                0x0000000000000688       0x2c /home/taifur/qorc-sdk/qf_apps/qf_ssi_ai_app/GCC_Project/output/Wire.o
                0x0000000000000688                TwoWire::read()
 .text._write   0x00000000000006b4        0xe /home/taifur/qorc-sdk/qf_apps/qf_ssi_ai_app/GCC_Project/output/c_lib_retarget.o
                0x00000000000006b4                _write
 .text._close   0x00000000000006c2        0x6 /home/taifur/qorc-sdk/qf_apps/qf_ssi_ai_app/GCC_Project/output/c_lib_retarget.o
                0x00000000000006c2                _close
 .text._lseek   0x00000000000006c8        0x4 /home/taifur/qorc-sdk/qf_apps/qf_ssi_ai_app/GCC_Project/output/c_lib_retarget.o
                0x00000000000006c8                _lseek
 .text._read    0x00000000000006cc        0x4 /home/taifur/qorc-sdk/qf_apps/qf_ssi_ai_app/GCC_Project/output/c_lib_retarget.o
                0x00000000000006cc                _read
 .text.datablk_mgr_acquire_common
                0x00000000000006d0       0x84 /home/taifur/qorc-sdk/qf_apps/qf_ssi_ai_app/GCC_Project/output/datablk_mgr.o
 .text.datablk_mgr_init
                0x0000000000000754       0xd8 /home/taifur/qorc-sdk/qf_apps/qf_ssi_ai_app/GCC_Project/output/datablk_mgr.o
                0x0000000000000754                datablk_mgr_init
 .text.datablk_mgr_acquire
                0x000000000000082c        0x6 /home/taifur/qorc-sdk/qf_apps/qf_ssi_ai_app/GCC_Project/output/datablk_mgr.o
                0x000000000000082c                datablk_mgr_acquire
 .text.datablk_mgr_acquireFromISR
                0x0000000000000832        0x8 /home/taifur/qorc-sdk/qf_apps/qf_ssi_ai_app/GCC_Project/output/datablk_mgr.o
                0x0000000000000832                datablk_mgr_acquireFromISR
 .text.datablk_mgr_usecount_increment
                0x000000000000083a       0x18 /home/taifur/qorc-sdk/qf_apps/qf_ssi_ai_app/GCC_Project/output/datablk_mgr.o
                0x000000000000083a                datablk_mgr_usecount_increment
 .text.datablk_mgr_validity_check
                0x0000000000000852       0x1a /home/taifur/qorc-sdk/qf_apps/qf_ssi_ai_app/GCC_Project/output/datablk_mgr.o
                0x0000000000000852                datablk_mgr_validity_check
 .text.datablk_mgr_release_common
                0x000000000000086c       0x8c /home/taifur/qorc-sdk/qf_apps/qf_ssi_ai_app/GCC_Project/output/datablk_mgr.o
                0x000000000000086c                datablk_mgr_release_common
 .text.datablk_mgr_release
                0x00000000000008f8        0x6 /home/taifur/qorc-sdk/qf_apps/qf_ssi_ai_app/GCC_Project/output/datablk_mgr.o
                0x00000000000008f8                datablk_mgr_release
 *fill*         0x00000000000008fe        0x2 
 .text.datablk_mgr_WriteDataBufferToQueues
                0x0000000000000900       0x70 /home/taifur/qorc-sdk/qf_apps/qf_ssi_ai_app/GCC_Project/output/datablk_mgr.o
                0x0000000000000900                datablk_mgr_WriteDataBufferToQueues
 .text.datablk_mgr_WriteDataBufferToQueuesFromISR
                0x0000000000000970       0x60 /home/taifur/qorc-sdk/qf_apps/qf_ssi_ai_app/GCC_Project/output/datablk_mgr.o
                0x0000000000000970                datablk_mgr_WriteDataBufferToQueuesFromISR
 .text.datablk_processor_task
                0x00000000000009d0      0x118 /home/taifur/qorc-sdk/qf_apps/qf_ssi_ai_app/GCC_Project/output/datablk_processor.o
 .text.datablk_pe_process_bypass_func
                0x0000000000000ae8       0x18 /home/taifur/qorc-sdk/qf_apps/qf_ssi_ai_app/GCC_Project/output/datablk_processor.o
 .text.datablk_processor_task_setup
                0x0000000000000b00       0x48 /home/taifur/qorc-sdk/qf_apps/qf_ssi_ai_app/GCC_Project/output/datablk_processor.o
                0x0000000000000b00                datablk_processor_task_setup
 .text.set_recognition_current_block_time
                0x0000000000000b48       0x18 /home/taifur/qorc-sdk/qf_apps/qf_ssi_ai_app/GCC_Project/output/datasave.o
                0x0000000000000b48                set_recognition_current_block_time
 .text.__debug_lockup
                0x0000000000000b60       0x14 /home/taifur/qorc-sdk/qf_apps/qf_ssi_ai_app/GCC_Project/output/dbg_uart.o
 .text._semihost_write
                0x0000000000000b74       0x54 /home/taifur/qorc-sdk/qf_apps/qf_ssi_ai_app/GCC_Project/output/dbg_uart.o
                0x0000000000000b74                _semihost_write
 .text.dbg_ch_raw
                0x0000000000000bc8       0x74 /home/taifur/qorc-sdk/qf_apps/qf_ssi_ai_app/GCC_Project/output/dbg_uart.o
                0x0000000000000bc8                dbg_ch_raw
 .text.dbg_nl   0x0000000000000c3c       0x12 /home/taifur/qorc-sdk/qf_apps/qf_ssi_ai_app/GCC_Project/output/dbg_uart.o
                0x0000000000000c3c                dbg_nl
 .text.dbg_ch   0x0000000000000c4e        0xc /home/taifur/qorc-sdk/qf_apps/qf_ssi_ai_app/GCC_Project/output/dbg_uart.o
                0x0000000000000c4e                dbg_ch
 .text.dbg_hex4
                0x0000000000000c5a       0x14 /home/taifur/qorc-sdk/qf_apps/qf_ssi_ai_app/GCC_Project/output/dbg_uart.o
 .text.dbg_hex8
                0x0000000000000c6e       0x14 /home/taifur/qorc-sdk/qf_apps/qf_ssi_ai_app/GCC_Project/output/dbg_uart.o
                0x0000000000000c6e                dbg_hex8
 .text.dbg_hex16
                0x0000000000000c82       0x14 /home/taifur/qorc-sdk/qf_apps/qf_ssi_ai_app/GCC_Project/output/dbg_uart.o
                0x0000000000000c82                dbg_hex16
 .text.dbg_hex32
                0x0000000000000c96       0x14 /home/taifur/qorc-sdk/qf_apps/qf_ssi_ai_app/GCC_Project/output/dbg_uart.o
                0x0000000000000c96                dbg_hex32
 .text._dbg_int
                0x0000000000000caa       0x20 /home/taifur/qorc-sdk/qf_apps/qf_ssi_ai_app/GCC_Project/output/dbg_uart.o
 .text.dbg_memdumpx
                0x0000000000000cca       0xea /home/taifur/qorc-sdk/qf_apps/qf_ssi_ai_app/GCC_Project/output/dbg_uart.o
 .text.dbg_str  0x0000000000000db4       0x84 /home/taifur/qorc-sdk/qf_apps/qf_ssi_ai_app/GCC_Project/output/dbg_uart.o
                0x0000000000000db4                dbg_str
 .text._dbg_str_xxx
                0x0000000000000e38       0x16 /home/taifur/qorc-sdk/qf_apps/qf_ssi_ai_app/GCC_Project/output/dbg_uart.o
 .text.dbg_str_hexXX
                0x0000000000000e4e       0x22 /home/taifur/qorc-sdk/qf_apps/qf_ssi_ai_app/GCC_Project/output/dbg_uart.o
 .text.dbg_int  0x0000000000000e70       0x24 /home/taifur/qorc-sdk/qf_apps/qf_ssi_ai_app/GCC_Project/output/dbg_uart.o
                0x0000000000000e70                dbg_int
 .text.dbg_str_str
                0x0000000000000e94       0x16 /home/taifur/qorc-sdk/qf_apps/qf_ssi_ai_app/GCC_Project/output/dbg_uart.o
                0x0000000000000e94                dbg_str_str
 .text.dbg_str_int
                0x0000000000000eaa       0x16 /home/taifur/qorc-sdk/qf_apps/qf_ssi_ai_app/GCC_Project/output/dbg_uart.o
                0x0000000000000eaa                dbg_str_int
 .text.dbg_str_int_noln
                0x0000000000000ec0       0x12 /home/taifur/qorc-sdk/qf_apps/qf_ssi_ai_app/GCC_Project/output/dbg_uart.o
                0x0000000000000ec0                dbg_str_int_noln
 *fill*         0x0000000000000ed2        0x2 
 .text.dbg_str_hex32
                0x0000000000000ed4        0xc /home/taifur/qorc-sdk/qf_apps/qf_ssi_ai_app/GCC_Project/output/dbg_uart.o
                0x0000000000000ed4                dbg_str_hex32
 .text.dbg_fatal_error
                0x0000000000000ee0       0x12 /home/taifur/qorc-sdk/qf_apps/qf_ssi_ai_app/GCC_Project/output/dbg_uart.o
                0x0000000000000ee0                dbg_fatal_error
 .text.dbg_fatal_error_int
                0x0000000000000ef2        0xe /home/taifur/qorc-sdk/qf_apps/qf_ssi_ai_app/GCC_Project/output/dbg_uart.o
                0x0000000000000ef2                dbg_fatal_error_int
 .text.dbg_memdump32
                0x0000000000000f00       0x1e /home/taifur/qorc-sdk/qf_apps/qf_ssi_ai_app/GCC_Project/output/dbg_uart.o
                0x0000000000000f00                dbg_memdump32
 *fill*         0x0000000000000f1e        0x2 
 .text.onDmac0BlockDone
                0x0000000000000f20       0x20 /home/taifur/qorc-sdk/qf_apps/qf_ssi_ai_app/GCC_Project/output/eoss3_hal_audio.o
                0x0000000000000f20                onDmac0BlockDone
 .text.onDmac0BufferDone
                0x0000000000000f40       0x20 /home/taifur/qorc-sdk/qf_apps/qf_ssi_ai_app/GCC_Project/output/eoss3_hal_audio.o
                0x0000000000000f40                onDmac0BufferDone
 .text.audio_isr_onDmac0BufferDone
                0x0000000000000f60       0xc8 /home/taifur/qorc-sdk/qf_apps/qf_ssi_ai_app/GCC_Project/output/eoss3_hal_audio.o
                0x0000000000000f60                audio_isr_onDmac0BufferDone
 .text.HAL_usbserial_init_common
                0x0000000000001028      0x108 /home/taifur/qorc-sdk/qf_apps/qf_ssi_ai_app/GCC_Project/output/eoss3_hal_fpga_usbserial.o
 .text.HAL_usbserial_isrfunc
                0x0000000000001130       0x4c /home/taifur/qorc-sdk/qf_apps/qf_ssi_ai_app/GCC_Project/output/eoss3_hal_fpga_usbserial.o
 .text.HAL_usbserial_init2
                0x000000000000117c        0x8 /home/taifur/qorc-sdk/qf_apps/qf_ssi_ai_app/GCC_Project/output/eoss3_hal_fpga_usbserial.o
                0x000000000000117c                HAL_usbserial_init2
 .text.HAL_usbserial_init
                0x0000000000001184        0xa /home/taifur/qorc-sdk/qf_apps/qf_ssi_ai_app/GCC_Project/output/eoss3_hal_fpga_usbserial.o
                0x0000000000001184                HAL_usbserial_init
 *fill*         0x000000000000118e        0x2 
 .text.HAL_usbserial_putc
                0x0000000000001190       0x20 /home/taifur/qorc-sdk/qf_apps/qf_ssi_ai_app/GCC_Project/output/eoss3_hal_fpga_usbserial.o
                0x0000000000001190                HAL_usbserial_putc
 .text.HAL_GPIO_Write
                0x00000000000011b0       0x28 /home/taifur/qorc-sdk/qf_apps/qf_ssi_ai_app/GCC_Project/output/eoss3_hal_gpio.o
                0x00000000000011b0                HAL_GPIO_Write
 .text.HAL_I2C_SetClockFreq
                0x00000000000011d8       0x80 /home/taifur/qorc-sdk/qf_apps/qf_ssi_ai_app/GCC_Project/output/eoss3_hal_i2c.o
                0x00000000000011d8                HAL_I2C_SetClockFreq
 .text.HAL_I2C_Init
                0x0000000000001258       0x68 /home/taifur/qorc-sdk/qf_apps/qf_ssi_ai_app/GCC_Project/output/eoss3_hal_i2c.o
                0x0000000000001258                HAL_I2C_Init
 .text.HAL_I2C_ReadRawData
                0x00000000000012c0       0xec /home/taifur/qorc-sdk/qf_apps/qf_ssi_ai_app/GCC_Project/output/eoss3_hal_i2c.o
                0x00000000000012c0                HAL_I2C_ReadRawData
 .text.HAL_I2C_WriteRawData
                0x00000000000013ac      0x100 /home/taifur/qorc-sdk/qf_apps/qf_ssi_ai_app/GCC_Project/output/eoss3_hal_i2c.o
                0x00000000000013ac                HAL_I2C_WriteRawData
 .text.HAL_PAD_Config
                0x00000000000014ac      0x190 /home/taifur/qorc-sdk/qf_apps/qf_ssi_ai_app/GCC_Project/output/eoss3_hal_pad_config.o
                0x00000000000014ac                HAL_PAD_Config
 .text.configure_s3_pads
                0x000000000000163c       0x1a /home/taifur/qorc-sdk/qf_apps/qf_ssi_ai_app/GCC_Project/output/eoss3_hal_pad_config.o
                0x000000000000163c                configure_s3_pads
 *fill*         0x0000000000001656        0x2 
 .text.eoss3_rtc_enable_irq
                0x0000000000001658       0x28 /home/taifur/qorc-sdk/qf_apps/qf_ssi_ai_app/GCC_Project/output/eoss3_hal_rtc.o
 .text.write_rtc_reg
                0x0000000000001680       0x18 /home/taifur/qorc-sdk/qf_apps/qf_ssi_ai_app/GCC_Project/output/eoss3_hal_rtc.o
 .text.__rtc_setup_alarm.isra.0
                0x0000000000001698       0x44 /home/taifur/qorc-sdk/qf_apps/qf_ssi_ai_app/GCC_Project/output/eoss3_hal_rtc.o
 .text.HAL_RTC_ISR
                0x00000000000016dc       0x24 /home/taifur/qorc-sdk/qf_apps/qf_ssi_ai_app/GCC_Project/output/eoss3_hal_rtc.o
                0x00000000000016dc                HAL_RTC_ISR
 .text.unlock_spi1_bus
                0x0000000000001700       0x58 /home/taifur/qorc-sdk/qf_apps/qf_ssi_ai_app/GCC_Project/output/eoss3_hal_spi.o
                0x0000000000001700                unlock_spi1_bus
 .text.SPI_DMA_Complete
                0x0000000000001758       0x88 /home/taifur/qorc-sdk/qf_apps/qf_ssi_ai_app/GCC_Project/output/eoss3_hal_spi.o
                0x0000000000001758                SPI_DMA_Complete
 .text.HAL_SPI_IRQHandler
                0x00000000000017e0       0x6c /home/taifur/qorc-sdk/qf_apps/qf_ssi_ai_app/GCC_Project/output/eoss3_hal_spi.o
                0x00000000000017e0                HAL_SPI_IRQHandler
 .text.HAL_Delay_Init
                0x000000000000184c       0x54 /home/taifur/qorc-sdk/qf_apps/qf_ssi_ai_app/GCC_Project/output/eoss3_hal_timer.o
                0x000000000000184c                HAL_Delay_Init
 .text.HAL_DelayUSec
                0x00000000000018a0       0x28 /home/taifur/qorc-sdk/qf_apps/qf_ssi_ai_app/GCC_Project/output/eoss3_hal_timer.o
                0x00000000000018a0                HAL_DelayUSec
 .text.HAL_Timer_ISR
                0x00000000000018c8       0x88 /home/taifur/qorc-sdk/qf_apps/qf_ssi_ai_app/GCC_Project/output/eoss3_hal_timer.o
                0x00000000000018c8                HAL_Timer_ISR
 .text.uart_baud_rate
                0x0000000000001950       0x60 /home/taifur/qorc-sdk/qf_apps/qf_ssi_ai_app/GCC_Project/output/eoss3_hal_uart.o
 .text.is_hw_uart_enabled
                0x00000000000019b0       0x20 /home/taifur/qorc-sdk/qf_apps/qf_ssi_ai_app/GCC_Project/output/eoss3_hal_uart.o
 .text.uart_disable
                0x00000000000019d0       0x1c /home/taifur/qorc-sdk/qf_apps/qf_ssi_ai_app/GCC_Project/output/eoss3_hal_uart.o
 .text.uart_lpm_callback
                0x00000000000019ec       0x70 /home/taifur/qorc-sdk/qf_apps/qf_ssi_ai_app/GCC_Project/output/eoss3_hal_uart.o
 .text.uart_init
                0x0000000000001a5c      0x17c /home/taifur/qorc-sdk/qf_apps/qf_ssi_ai_app/GCC_Project/output/eoss3_hal_uart.o
                0x0000000000001a5c                uart_init
 .text.uart_isr_handler
                0x0000000000001bd8       0x84 /home/taifur/qorc-sdk/qf_apps/qf_ssi_ai_app/GCC_Project/output/eoss3_hal_uart.o
                0x0000000000001bd8                uart_isr_handler
 .text.uart_tx_raw
                0x0000000000001c5c       0x48 /home/taifur/qorc-sdk/qf_apps/qf_ssi_ai_app/GCC_Project/output/eoss3_hal_uart.o
                0x0000000000001c5c                uart_tx_raw
 .text.uart_tx  0x0000000000001ca4       0x1c /home/taifur/qorc-sdk/qf_apps/qf_ssi_ai_app/GCC_Project/output/eoss3_hal_uart.o
                0x0000000000001ca4                uart_tx
 .text.uart_tx_buf
                0x0000000000001cc0       0x1a /home/taifur/qorc-sdk/qf_apps/qf_ssi_ai_app/GCC_Project/output/eoss3_hal_uart.o
                0x0000000000001cc0                uart_tx_buf
 .text.uart_tx_raw_buf
                0x0000000000001cda       0x1a /home/taifur/qorc-sdk/qf_apps/qf_ssi_ai_app/GCC_Project/output/eoss3_hal_uart.o
                0x0000000000001cda                uart_tx_raw_buf
 .text.HAL_WB_Transmit
                0x0000000000001cf4       0x3c /home/taifur/qorc-sdk/qf_apps/qf_ssi_ai_app/GCC_Project/output/eoss3_hal_wb.o
                0x0000000000001cf4                HAL_WB_Transmit
 .text.HAL_WB_Receive
                0x0000000000001d30       0x44 /home/taifur/qorc-sdk/qf_apps/qf_ssi_ai_app/GCC_Project/output/eoss3_hal_wb.o
                0x0000000000001d30                HAL_WB_Receive
 .text.HAL_WB_Init
                0x0000000000001d74      0x10c /home/taifur/qorc-sdk/qf_apps/qf_ssi_ai_app/GCC_Project/output/eoss3_hal_wb.o
                0x0000000000001d74                HAL_WB_Init
 .text.WDT_ISR  0x0000000000001e80       0x8c /home/taifur/qorc-sdk/qf_apps/qf_ssi_ai_app/GCC_Project/output/eoss3_hal_wdt.o
                0x0000000000001e80                WDT_ISR
 .text.spurious_interrupt
                0x0000000000001f0c        0xc /home/taifur/qorc-sdk/qf_apps/qf_ssi_ai_app/GCC_Project/output/exceptions.o
 .text.prvGetRegistersFromStack
                0x0000000000001f18       0xf0 /home/taifur/qorc-sdk/qf_apps/qf_ssi_ai_app/GCC_Project/output/exceptions.o
                0x0000000000001f18                prvGetRegistersFromStack
 .text.HardFault_Handler
                0x0000000000002008       0x16 /home/taifur/qorc-sdk/qf_apps/qf_ssi_ai_app/GCC_Project/output/exceptions.o
                0x0000000000002008                HardFault_Handler
 .text.NMI_Handler
                0x000000000000201e        0x6 /home/taifur/qorc-sdk/qf_apps/qf_ssi_ai_app/GCC_Project/output/exceptions.o
                0x000000000000201e                NMI_Handler
 .text.MemManage_Handler
                0x0000000000002024        0x6 /home/taifur/qorc-sdk/qf_apps/qf_ssi_ai_app/GCC_Project/output/exceptions.o
                0x0000000000002024                MemManage_Handler
 .text.BusFault_Handler
                0x000000000000202a        0x6 /home/taifur/qorc-sdk/qf_apps/qf_ssi_ai_app/GCC_Project/output/exceptions.o
                0x000000000000202a                BusFault_Handler
 .text.UsageFault_Handler
                0x0000000000002030        0x6 /home/taifur/qorc-sdk/qf_apps/qf_ssi_ai_app/GCC_Project/output/exceptions.o
                0x0000000000002030                UsageFault_Handler
 .text.DebugMon_Handler
                0x0000000000002036        0x6 /home/taifur/qorc-sdk/qf_apps/qf_ssi_ai_app/GCC_Project/output/exceptions.o
                0x0000000000002036                DebugMon_Handler
 .text.Uart_Handler
                0x000000000000203c       0x50 /home/taifur/qorc-sdk/qf_apps/qf_ssi_ai_app/GCC_Project/output/exceptions.o
                0x000000000000203c                Uart_Handler
 .text.Timer_Handler
                0x000000000000208c       0x24 /home/taifur/qorc-sdk/qf_apps/qf_ssi_ai_app/GCC_Project/output/exceptions.o
                0x000000000000208c                Timer_Handler
 .text.CpuWdtInt_Handler
                0x00000000000020b0       0x24 /home/taifur/qorc-sdk/qf_apps/qf_ssi_ai_app/GCC_Project/output/exceptions.o
                0x00000000000020b0                CpuWdtInt_Handler
 .text.CpuWdtRst_Handler
                0x00000000000020d4        0x6 /home/taifur/qorc-sdk/qf_apps/qf_ssi_ai_app/GCC_Project/output/exceptions.o
                0x00000000000020d4                CpuWdtRst_Handler
 .text.BusTimeout_Handler
                0x00000000000020da        0x6 /home/taifur/qorc-sdk/qf_apps/qf_ssi_ai_app/GCC_Project/output/exceptions.o
                0x00000000000020da                BusTimeout_Handler
 .text.Fpu_Handler
                0x00000000000020e0        0x6 /home/taifur/qorc-sdk/qf_apps/qf_ssi_ai_app/GCC_Project/output/exceptions.o
                0x00000000000020e0                Fpu_Handler
 *fill*         0x00000000000020e6        0x2 
 .text.Pkfb_Handler
                0x00000000000020e8       0x10 /home/taifur/qorc-sdk/qf_apps/qf_ssi_ai_app/GCC_Project/output/exceptions.o
                0x00000000000020e8                Pkfb_Handler
 .text.I2s_Handler
                0x00000000000020f8        0x6 /home/taifur/qorc-sdk/qf_apps/qf_ssi_ai_app/GCC_Project/output/exceptions.o
                0x00000000000020f8                I2s_Handler
 .text.Audio_Handler
                0x00000000000020fe        0x6 /home/taifur/qorc-sdk/qf_apps/qf_ssi_ai_app/GCC_Project/output/exceptions.o
                0x00000000000020fe                Audio_Handler
 .text.SpiMs_Handler
                0x0000000000002104       0x5c /home/taifur/qorc-sdk/qf_apps/qf_ssi_ai_app/GCC_Project/output/exceptions.o
                0x0000000000002104                SpiMs_Handler
 .text.CfgDma_Handler
                0x0000000000002160       0x28 /home/taifur/qorc-sdk/qf_apps/qf_ssi_ai_app/GCC_Project/output/exceptions.o
                0x0000000000002160                CfgDma_Handler
 .text.PmuTimer_Handler
                0x0000000000002188        0x2 /home/taifur/qorc-sdk/qf_apps/qf_ssi_ai_app/GCC_Project/output/exceptions.o
                0x0000000000002188                PmuTimer_Handler
 .text.AdcDone_Handler
                0x000000000000218a        0x8 /home/taifur/qorc-sdk/qf_apps/qf_ssi_ai_app/GCC_Project/output/exceptions.o
                0x000000000000218a                AdcDone_Handler
 *fill*         0x0000000000002192        0x2 
 .text.RtcAlarm_Handler
                0x0000000000002194       0x1c /home/taifur/qorc-sdk/qf_apps/qf_ssi_ai_app/GCC_Project/output/exceptions.o
                0x0000000000002194                RtcAlarm_Handler
 .text.ResetInt_Handler
                0x00000000000021b0        0x8 /home/taifur/qorc-sdk/qf_apps/qf_ssi_ai_app/GCC_Project/output/exceptions.o
                0x00000000000021b0                ResetInt_Handler
 .text.Ffe0_Handler
                0x00000000000021b8       0x18 /home/taifur/qorc-sdk/qf_apps/qf_ssi_ai_app/GCC_Project/output/exceptions.o
                0x00000000000021b8                Ffe0_Handler
 .text.FbMsg_Handler
                0x00000000000021d0       0x6c /home/taifur/qorc-sdk/qf_apps/qf_ssi_ai_app/GCC_Project/output/exceptions.o
                0x00000000000021d0                FbMsg_Handler
 .text.FB_RegisterISR
                0x000000000000223c       0x10 /home/taifur/qorc-sdk/qf_apps/qf_ssi_ai_app/GCC_Project/output/exceptions.o
                0x000000000000223c                FB_RegisterISR
 .text.FB_ConfigureInterrupt
                0x000000000000224c       0x78 /home/taifur/qorc-sdk/qf_apps/qf_ssi_ai_app/GCC_Project/output/exceptions.o
                0x000000000000224c                FB_ConfigureInterrupt
 .text.SensorGpio_Handler
                0x00000000000022c4        0x8 /home/taifur/qorc-sdk/qf_apps/qf_ssi_ai_app/GCC_Project/output/exceptions.o
                0x00000000000022c4                SensorGpio_Handler
 .text.M4SramSleep_Handler
                0x00000000000022cc        0x8 /home/taifur/qorc-sdk/qf_apps/qf_ssi_ai_app/GCC_Project/output/exceptions.o
                0x00000000000022cc                M4SramSleep_Handler
 .text.LDO30_PG_Handler
                0x00000000000022d4        0x8 /home/taifur/qorc-sdk/qf_apps/qf_ssi_ai_app/GCC_Project/output/exceptions.o
                0x00000000000022d4                LDO30_PG_Handler
 .text.LDO50_PG_Handler
                0x00000000000022dc        0x8 /home/taifur/qorc-sdk/qf_apps/qf_ssi_ai_app/GCC_Project/output/exceptions.o
                0x00000000000022dc                LDO50_PG_Handler
 .text.DMIC_Voice_Det_Handler
                0x00000000000022e4        0x8 /home/taifur/qorc-sdk/qf_apps/qf_ssi_ai_app/GCC_Project/output/exceptions.o
                0x00000000000022e4                DMIC_Voice_Det_Handler
 .text.ApPDMClkOn_Handler
                0x00000000000022ec        0x8 /home/taifur/qorc-sdk/qf_apps/qf_ssi_ai_app/GCC_Project/output/exceptions.o
                0x00000000000022ec                ApPDMClkOn_Handler
 .text.ApPDMClkOff_Handler
                0x00000000000022f4        0x8 /home/taifur/qorc-sdk/qf_apps/qf_ssi_ai_app/GCC_Project/output/exceptions.o
                0x00000000000022f4                ApPDMClkOff_Handler
 .text.Dmac0BlkDone_Handler
                0x00000000000022fc        0x4 /home/taifur/qorc-sdk/qf_apps/qf_ssi_ai_app/GCC_Project/output/exceptions.o
                0x00000000000022fc                Dmac0BlkDone_Handler
 .text.Dmac0BufDone_Handler
                0x0000000000002300       0x10 /home/taifur/qorc-sdk/qf_apps/qf_ssi_ai_app/GCC_Project/output/exceptions.o
                0x0000000000002300                Dmac0BufDone_Handler
 .text.Dmac1BlkDone_Handler
                0x0000000000002310        0x8 /home/taifur/qorc-sdk/qf_apps/qf_ssi_ai_app/GCC_Project/output/exceptions.o
                0x0000000000002310                Dmac1BlkDone_Handler
 .text.Dmac1BufDone_Handler
                0x0000000000002318        0x8 /home/taifur/qorc-sdk/qf_apps/qf_ssi_ai_app/GCC_Project/output/exceptions.o
                0x0000000000002318                Dmac1BufDone_Handler
 .text.Sdma0Done_Handler
                0x0000000000002320        0x8 /home/taifur/qorc-sdk/qf_apps/qf_ssi_ai_app/GCC_Project/output/exceptions.o
                0x0000000000002320                Sdma0Done_Handler
 .text.Sdma1Done_Handler
                0x0000000000002328        0x8 /home/taifur/qorc-sdk/qf_apps/qf_ssi_ai_app/GCC_Project/output/exceptions.o
                0x0000000000002328                Sdma1Done_Handler
 .text.Sdma2Done_Handler
                0x0000000000002330        0x8 /home/taifur/qorc-sdk/qf_apps/qf_ssi_ai_app/GCC_Project/output/exceptions.o
                0x0000000000002330                Sdma2Done_Handler
 .text.Sdma3Done_Handler
                0x0000000000002338        0x8 /home/taifur/qorc-sdk/qf_apps/qf_ssi_ai_app/GCC_Project/output/exceptions.o
                0x0000000000002338                Sdma3Done_Handler
 .text.Sdma4Done_Handler
                0x0000000000002340        0x8 /home/taifur/qorc-sdk/qf_apps/qf_ssi_ai_app/GCC_Project/output/exceptions.o
                0x0000000000002340                Sdma4Done_Handler
 .text.Sdma5Done_Handler
                0x0000000000002348        0x8 /home/taifur/qorc-sdk/qf_apps/qf_ssi_ai_app/GCC_Project/output/exceptions.o
                0x0000000000002348                Sdma5Done_Handler
 .text.Sdma6Done_Handler
                0x0000000000002350        0x8 /home/taifur/qorc-sdk/qf_apps/qf_ssi_ai_app/GCC_Project/output/exceptions.o
                0x0000000000002350                Sdma6Done_Handler
 .text.Sdma7Done_Handler
                0x0000000000002358        0x8 /home/taifur/qorc-sdk/qf_apps/qf_ssi_ai_app/GCC_Project/output/exceptions.o
                0x0000000000002358                Sdma7Done_Handler
 .text.Sdma8Done_Handler
                0x0000000000002360        0x8 /home/taifur/qorc-sdk/qf_apps/qf_ssi_ai_app/GCC_Project/output/exceptions.o
                0x0000000000002360                Sdma8Done_Handler
 .text.Sdma9Done_Handler
                0x0000000000002368        0x8 /home/taifur/qorc-sdk/qf_apps/qf_ssi_ai_app/GCC_Project/output/exceptions.o
                0x0000000000002368                Sdma9Done_Handler
 .text.Sdma10Done_Handler
                0x0000000000002370        0x8 /home/taifur/qorc-sdk/qf_apps/qf_ssi_ai_app/GCC_Project/output/exceptions.o
                0x0000000000002370                Sdma10Done_Handler
 .text.Sdma11Done_Handler
                0x0000000000002378        0x8 /home/taifur/qorc-sdk/qf_apps/qf_ssi_ai_app/GCC_Project/output/exceptions.o
                0x0000000000002378                Sdma11Done_Handler
 .text.SdmaErr_Handler
                0x0000000000002380        0x8 /home/taifur/qorc-sdk/qf_apps/qf_ssi_ai_app/GCC_Project/output/exceptions.o
                0x0000000000002380                SdmaErr_Handler
 .text.I2S_SlvM4TxOr_Handler
                0x0000000000002388        0x8 /home/taifur/qorc-sdk/qf_apps/qf_ssi_ai_app/GCC_Project/output/exceptions.o
                0x0000000000002388                I2S_SlvM4TxOr_Handler
 .text.SRAM_128KB_Handler
                0x0000000000002390        0x8 /home/taifur/qorc-sdk/qf_apps/qf_ssi_ai_app/GCC_Project/output/exceptions.o
                0x0000000000002390                SRAM_128KB_Handler
 .text.LPSD_Voice_Det_Handler
                0x0000000000002398        0x8 /home/taifur/qorc-sdk/qf_apps/qf_ssi_ai_app/GCC_Project/output/exceptions.o
                0x0000000000002398                LPSD_Voice_Det_Handler
 .text.FfeWdt_Handler
                0x00000000000023a0        0x8 /home/taifur/qorc-sdk/qf_apps/qf_ssi_ai_app/GCC_Project/output/exceptions.o
                0x00000000000023a0                FfeWdt_Handler
 .text.ApBoot_Handler
                0x00000000000023a8        0x8 /home/taifur/qorc-sdk/qf_apps/qf_ssi_ai_app/GCC_Project/output/exceptions.o
                0x00000000000023a8                ApBoot_Handler
 .text.SwInt2_Handler
                0x00000000000023b0        0x8 /home/taifur/qorc-sdk/qf_apps/qf_ssi_ai_app/GCC_Project/output/exceptions.o
                0x00000000000023b0                SwInt2_Handler
 .text.SwInt1_Handler
                0x00000000000023b8       0x24 /home/taifur/qorc-sdk/qf_apps/qf_ssi_ai_app/GCC_Project/output/exceptions.o
                0x00000000000023b8                SwInt1_Handler
 .text.Ffe0Msg_Handler
                0x00000000000023dc        0x8 /home/taifur/qorc-sdk/qf_apps/qf_ssi_ai_app/GCC_Project/output/exceptions.o
                0x00000000000023dc                Ffe0Msg_Handler
 .text.lpsdVoiceOffHandler
                0x00000000000023e4        0x8 /home/taifur/qorc-sdk/qf_apps/qf_ssi_ai_app/GCC_Project/output/exceptions.o
                0x00000000000023e4                lpsdVoiceOffHandler
 .text.dmicVoiceOffHandler
                0x00000000000023ec        0x8 /home/taifur/qorc-sdk/qf_apps/qf_ssi_ai_app/GCC_Project/output/exceptions.o
                0x00000000000023ec                dmicVoiceOffHandler
 .text.vApplicationMallocFailedHook
                0x00000000000023f4       0x24 /home/taifur/qorc-sdk/qf_apps/qf_ssi_ai_app/GCC_Project/output/exceptions.o
                0x00000000000023f4                vApplicationMallocFailedHook
 .text.vApplicationStackOverflowHook
                0x0000000000002418       0x24 /home/taifur/qorc-sdk/qf_apps/qf_ssi_ai_app/GCC_Project/output/exceptions.o
                0x0000000000002418                vApplicationStackOverflowHook
 .text.vApplicationTickHook
                0x000000000000243c        0x2 /home/taifur/qorc-sdk/qf_apps/qf_ssi_ai_app/GCC_Project/output/exceptions.o
                0x000000000000243c                vApplicationTickHook
 .text.vApplicationIdleHook
                0x000000000000243e        0x2 /home/taifur/qorc-sdk/qf_apps/qf_ssi_ai_app/GCC_Project/output/exceptions.o
                0x000000000000243e                vApplicationIdleHook
 .text.load_fpga
                0x0000000000002440      0x118 /home/taifur/qorc-sdk/qf_apps/qf_ssi_ai_app/GCC_Project/output/fpga_loader.o
                0x0000000000002440                load_fpga
 .text.prvInsertBlockIntoFreeList
                0x0000000000002558       0x74 /home/taifur/qorc-sdk/qf_apps/qf_ssi_ai_app/GCC_Project/output/heap_4.o
 .text.pvPortMalloc
                0x00000000000025cc      0x198 /home/taifur/qorc-sdk/qf_apps/qf_ssi_ai_app/GCC_Project/output/heap_4.o
                0x00000000000025cc                pvPortMalloc
 .text.vPortFree
                0x0000000000002764       0xa0 /home/taifur/qorc-sdk/qf_apps/qf_ssi_ai_app/GCC_Project/output/heap_4.o
                0x0000000000002764                vPortFree
 .text.vListInitialise
                0x0000000000002804       0x16 /home/taifur/qorc-sdk/qf_apps/qf_ssi_ai_app/GCC_Project/output/list.o
                0x0000000000002804                vListInitialise
 .text.vListInitialiseItem
                0x000000000000281a        0x6 /home/taifur/qorc-sdk/qf_apps/qf_ssi_ai_app/GCC_Project/output/list.o
                0x000000000000281a                vListInitialiseItem
 .text.vListInsertEnd
                0x0000000000002820       0x18 /home/taifur/qorc-sdk/qf_apps/qf_ssi_ai_app/GCC_Project/output/list.o
                0x0000000000002820                vListInsertEnd
 .text.vListInsert
                0x0000000000002838       0x2e /home/taifur/qorc-sdk/qf_apps/qf_ssi_ai_app/GCC_Project/output/list.o
                0x0000000000002838                vListInsert
 .text.uxListRemove
                0x0000000000002866       0x20 /home/taifur/qorc-sdk/qf_apps/qf_ssi_ai_app/GCC_Project/output/list.o
                0x0000000000002866                uxListRemove
 *fill*         0x0000000000002886        0x2 
 .text.startup.main
                0x0000000000002888      0x10c /home/taifur/qorc-sdk/qf_apps/qf_ssi_ai_app/GCC_Project/output/main.o
                0x0000000000002888                main
 .text.SystemInit
                0x0000000000002994        0x2 /home/taifur/qorc-sdk/qf_apps/qf_ssi_ai_app/GCC_Project/output/main.o
                0x0000000000002994                SystemInit
 *fill*         0x0000000000002996        0x2 
 .text.xTaskSet_uSecCount
                0x0000000000002998       0x2c /home/taifur/qorc-sdk/qf_apps/qf_ssi_ai_app/GCC_Project/output/micro_tick64.o
                0x0000000000002998                xTaskSet_uSecCount
 .text.convert_to_uSecCount
                0x00000000000029c4       0x30 /home/taifur/qorc-sdk/qf_apps/qf_ssi_ai_app/GCC_Project/output/micro_tick64.o
                0x00000000000029c4                convert_to_uSecCount
 .text.prvPortStartFirstTask
                0x00000000000029f4       0x28 /home/taifur/qorc-sdk/qf_apps/qf_ssi_ai_app/GCC_Project/output/port.o
 .text.vPortEnableVFP
                0x0000000000002a1c       0x14 /home/taifur/qorc-sdk/qf_apps/qf_ssi_ai_app/GCC_Project/output/port.o
 .text.prvTaskExitError
                0x0000000000002a30       0x50 /home/taifur/qorc-sdk/qf_apps/qf_ssi_ai_app/GCC_Project/output/port.o
 .text.pxPortInitialiseStack
                0x0000000000002a80       0x2c /home/taifur/qorc-sdk/qf_apps/qf_ssi_ai_app/GCC_Project/output/port.o
                0x0000000000002a80                pxPortInitialiseStack
 *fill*         0x0000000000002aac        0x4 
 .text.SVC_Handler
                0x0000000000002ab0       0x24 /home/taifur/qorc-sdk/qf_apps/qf_ssi_ai_app/GCC_Project/output/port.o
                0x0000000000002ab0                SVC_Handler
 .text.vPortEnterCritical
                0x0000000000002ad4       0x58 /home/taifur/qorc-sdk/qf_apps/qf_ssi_ai_app/GCC_Project/output/port.o
                0x0000000000002ad4                vPortEnterCritical
 .text.vPortExitCritical
                0x0000000000002b2c       0x3c /home/taifur/qorc-sdk/qf_apps/qf_ssi_ai_app/GCC_Project/output/port.o
                0x0000000000002b2c                vPortExitCritical
 *fill*         0x0000000000002b68        0x8 
 .text.PendSV_Handler
                0x0000000000002b70       0x64 /home/taifur/qorc-sdk/qf_apps/qf_ssi_ai_app/GCC_Project/output/port.o
                0x0000000000002b70                PendSV_Handler
 .text.xPortSysTickHandler
                0x0000000000002bd4       0x2c /home/taifur/qorc-sdk/qf_apps/qf_ssi_ai_app/GCC_Project/output/port.o
                0x0000000000002bd4                xPortSysTickHandler
 .text.xPortStartScheduler
                0x0000000000002c00      0x158 /home/taifur/qorc-sdk/qf_apps/qf_ssi_ai_app/GCC_Project/output/port.o
                0x0000000000002c00                xPortStartScheduler
 .text.vPortValidateInterruptPriority
                0x0000000000002d58       0x7c /home/taifur/qorc-sdk/qf_apps/qf_ssi_ai_app/GCC_Project/output/port.o
                0x0000000000002d58                vPortValidateInterruptPriority
 .text.system_init
                0x0000000000002dd4       0x6c /home/taifur/qorc-sdk/qf_apps/qf_ssi_ai_app/GCC_Project/output/qf_hardwaresetup.o
                0x0000000000002dd4                system_init
 .text.qf_hardwareSetup
                0x0000000000002e40       0x78 /home/taifur/qorc-sdk/qf_apps/qf_ssi_ai_app/GCC_Project/output/qf_hardwaresetup.o
                0x0000000000002e40                qf_hardwareSetup
 .text.ql_lw_timer_start
                0x0000000000002eb8        0x4 /home/taifur/qorc-sdk/qf_apps/qf_ssi_ai_app/GCC_Project/output/ql_time.o
                0x0000000000002eb8                ql_lw_timer_start
 .text.ql_lw_timer_remain
                0x0000000000002ebc       0x1a /home/taifur/qorc-sdk/qf_apps/qf_ssi_ai_app/GCC_Project/output/ql_time.o
                0x0000000000002ebc                ql_lw_timer_remain
 .text.ql_lw_timer_is_expired
                0x0000000000002ed6       0x10 /home/taifur/qorc-sdk/qf_apps/qf_ssi_ai_app/GCC_Project/output/ql_time.o
                0x0000000000002ed6                ql_lw_timer_is_expired
 .text.prvIsQueueEmpty
                0x0000000000002ee6       0x16 /home/taifur/qorc-sdk/qf_apps/qf_ssi_ai_app/GCC_Project/output/queue.o
 .text.prvCopyDataToQueue
                0x0000000000002efc       0x78 /home/taifur/qorc-sdk/qf_apps/qf_ssi_ai_app/GCC_Project/output/queue.o
 .text.prvCopyDataFromQueue
                0x0000000000002f74       0x2c /home/taifur/qorc-sdk/qf_apps/qf_ssi_ai_app/GCC_Project/output/queue.o
 .text.prvUnlockQueue
                0x0000000000002fa0       0x70 /home/taifur/qorc-sdk/qf_apps/qf_ssi_ai_app/GCC_Project/output/queue.o
 .text.xQueueGenericReset
                0x0000000000003010       0x90 /home/taifur/qorc-sdk/qf_apps/qf_ssi_ai_app/GCC_Project/output/queue.o
                0x0000000000003010                xQueueGenericReset
 .text.xQueueGenericCreate
                0x00000000000030a0       0x74 /home/taifur/qorc-sdk/qf_apps/qf_ssi_ai_app/GCC_Project/output/queue.o
                0x00000000000030a0                xQueueGenericCreate
 .text.xQueueGenericSend
                0x0000000000003114      0x19c /home/taifur/qorc-sdk/qf_apps/qf_ssi_ai_app/GCC_Project/output/queue.o
                0x0000000000003114                xQueueGenericSend
 .text.xQueueGenericSendDebug
                0x00000000000032b0       0x30 /home/taifur/qorc-sdk/qf_apps/qf_ssi_ai_app/GCC_Project/output/queue.o
                0x00000000000032b0                xQueueGenericSendDebug
 .text.xQueueGenericSendFromISR
                0x00000000000032e0       0xf0 /home/taifur/qorc-sdk/qf_apps/qf_ssi_ai_app/GCC_Project/output/queue.o
                0x00000000000032e0                xQueueGenericSendFromISR
 .text.xQueueGenericSendFromISRDebug
                0x00000000000033d0       0x30 /home/taifur/qorc-sdk/qf_apps/qf_ssi_ai_app/GCC_Project/output/queue.o
                0x00000000000033d0                xQueueGenericSendFromISRDebug
 .text.xQueueGiveFromISR
                0x0000000000003400       0xdc /home/taifur/qorc-sdk/qf_apps/qf_ssi_ai_app/GCC_Project/output/queue.o
                0x0000000000003400                xQueueGiveFromISR
 .text.xQueueReceive
                0x00000000000034dc      0x160 /home/taifur/qorc-sdk/qf_apps/qf_ssi_ai_app/GCC_Project/output/queue.o
                0x00000000000034dc                xQueueReceive
 .text.xQueueSemaphoreTake
                0x000000000000363c      0x1b0 /home/taifur/qorc-sdk/qf_apps/qf_ssi_ai_app/GCC_Project/output/queue.o
                0x000000000000363c                xQueueSemaphoreTake
 .text.xQueueReceiveFromISR
                0x00000000000037ec       0xc0 /home/taifur/qorc-sdk/qf_apps/qf_ssi_ai_app/GCC_Project/output/queue.o
                0x00000000000037ec                xQueueReceiveFromISR
 .text.vQueueAddToRegistry
                0x00000000000038ac       0x24 /home/taifur/qorc-sdk/qf_apps/qf_ssi_ai_app/GCC_Project/output/queue.o
                0x00000000000038ac                vQueueAddToRegistry
 .text.vQueueWaitForMessageRestricted
                0x00000000000038d0       0x46 /home/taifur/qorc-sdk/qf_apps/qf_ssi_ai_app/GCC_Project/output/queue.o
                0x00000000000038d0                vQueueWaitForMessageRestricted
 .text.s3x_clkd_write_div
                0x0000000000003916       0xa8 /home/taifur/qorc-sdk/qf_apps/qf_ssi_ai_app/GCC_Project/output/s3x_clock.o
 .text.s3x_clkd_read_div
                0x00000000000039be       0x44 /home/taifur/qorc-sdk/qf_apps/qf_ssi_ai_app/GCC_Project/output/s3x_clock.o
 *fill*         0x0000000000003a02        0x2 
 .text.s3x_clkd_cal_div.part.0
                0x0000000000003a04       0x30 /home/taifur/qorc-sdk/qf_apps/qf_ssi_ai_app/GCC_Project/output/s3x_clock.o
 .text.S3x_Id_To_Domain
                0x0000000000003a34       0x1c /home/taifur/qorc-sdk/qf_apps/qf_ssi_ai_app/GCC_Project/output/s3x_clock.o
                0x0000000000003a34                S3x_Id_To_Domain
 .text.S3x_Clkd_Get_Cpu_Rate
                0x0000000000003a50        0xc /home/taifur/qorc-sdk/qf_apps/qf_ssi_ai_app/GCC_Project/output/s3x_clock.o
                0x0000000000003a50                S3x_Clkd_Get_Cpu_Rate
 .text.s3x_clkd_update_div_val
                0x0000000000003a5c       0x4c /home/taifur/qorc-sdk/qf_apps/qf_ssi_ai_app/GCC_Project/output/s3x_clock.o
                0x0000000000003a5c                s3x_clkd_update_div_val
 .text.s3x_clkd_update_fd_rate
                0x0000000000003aa8        0xe /home/taifur/qorc-sdk/qf_apps/qf_ssi_ai_app/GCC_Project/output/s3x_clock.o
                0x0000000000003aa8                s3x_clkd_update_fd_rate
 *fill*         0x0000000000003ab6        0x2 
 .text.s3x_clkd_update_sd_div
                0x0000000000003ab8       0x5c /home/taifur/qorc-sdk/qf_apps/qf_ssi_ai_app/GCC_Project/output/s3x_clock.o
 .text.s3x_clkd_update_all_src_div
                0x0000000000003b14       0xd0 /home/taifur/qorc-sdk/qf_apps/qf_ssi_ai_app/GCC_Project/output/s3x_clock.o
                0x0000000000003b14                s3x_clkd_update_all_src_div
 .text.S3x_Clkd_Get_Hsosc_Rate
                0x0000000000003be4       0x34 /home/taifur/qorc-sdk/qf_apps/qf_ssi_ai_app/GCC_Project/output/s3x_clock.o
                0x0000000000003be4                S3x_Clkd_Get_Hsosc_Rate
 .text.S3x_Clkd_Change_Hsosc
                0x0000000000003c18       0x70 /home/taifur/qorc-sdk/qf_apps/qf_ssi_ai_app/GCC_Project/output/s3x_clock.o
                0x0000000000003c18                S3x_Clkd_Change_Hsosc
 .text.s3x_clkd_get_src_rate
                0x0000000000003c88       0x12 /home/taifur/qorc-sdk/qf_apps/qf_ssi_ai_app/GCC_Project/output/s3x_clock.o
                0x0000000000003c88                s3x_clkd_get_src_rate
 *fill*         0x0000000000003c9a        0x2 
 .text.s3x_clkd_get_div
                0x0000000000003c9c       0x74 /home/taifur/qorc-sdk/qf_apps/qf_ssi_ai_app/GCC_Project/output/s3x_clock.o
                0x0000000000003c9c                s3x_clkd_get_div
 .text.s3x_clkd_srate
                0x0000000000003d10      0x158 /home/taifur/qorc-sdk/qf_apps/qf_ssi_ai_app/GCC_Project/output/s3x_clock.o
 .text.s3x_clkd_grate
                0x0000000000003e68       0x8c /home/taifur/qorc-sdk/qf_apps/qf_ssi_ai_app/GCC_Project/output/s3x_clock.o
 .text.s3x_clkd_set_src_div_st
                0x0000000000003ef4       0x4c /home/taifur/qorc-sdk/qf_apps/qf_ssi_ai_app/GCC_Project/output/s3x_clock.o
 .text.s3x_update_clk_rate
                0x0000000000003f40       0xb0 /home/taifur/qorc-sdk/qf_apps/qf_ssi_ai_app/GCC_Project/output/s3x_clock.o
                0x0000000000003f40                s3x_update_clk_rate
 .text.s3x_clkd_get_gate_mask_st
                0x0000000000003ff0       0x16 /home/taifur/qorc-sdk/qf_apps/qf_ssi_ai_app/GCC_Project/output/s3x_clock.o
                0x0000000000003ff0                s3x_clkd_get_gate_mask_st
 *fill*         0x0000000000004006        0x2 
 .text.s3x_clkd_set_gate_mask
                0x0000000000004008       0x50 /home/taifur/qorc-sdk/qf_apps/qf_ssi_ai_app/GCC_Project/output/s3x_clock.o
                0x0000000000004008                s3x_clkd_set_gate_mask
 .text.s3x_clkd_enable_gate
                0x0000000000004058       0x68 /home/taifur/qorc-sdk/qf_apps/qf_ssi_ai_app/GCC_Project/output/s3x_clock.o
 .text.s3x_clkd_disable_gate
                0x00000000000040c0       0x54 /home/taifur/qorc-sdk/qf_apps/qf_ssi_ai_app/GCC_Project/output/s3x_clock.o
 .text._S3x_Clk_Enable
                0x0000000000004114       0xb8 /home/taifur/qorc-sdk/qf_apps/qf_ssi_ai_app/GCC_Project/output/s3x_clock.o
                0x0000000000004114                _S3x_Clk_Enable
 .text._S3x_Clk_Disable
                0x00000000000041cc       0xc8 /home/taifur/qorc-sdk/qf_apps/qf_ssi_ai_app/GCC_Project/output/s3x_clock.o
                0x00000000000041cc                _S3x_Clk_Disable
 .text._S3x_Clk_Get_Status
                0x0000000000004294       0x2c /home/taifur/qorc-sdk/qf_apps/qf_ssi_ai_app/GCC_Project/output/s3x_clock.o
                0x0000000000004294                _S3x_Clk_Get_Status
 .text._S3x_Clk_Get_Rate
                0x00000000000042c0       0x28 /home/taifur/qorc-sdk/qf_apps/qf_ssi_ai_app/GCC_Project/output/s3x_clock.o
                0x00000000000042c0                _S3x_Clk_Get_Rate
 .text._S3x_Clk_Set_Rate
                0x00000000000042e8       0x48 /home/taifur/qorc-sdk/qf_apps/qf_ssi_ai_app/GCC_Project/output/s3x_clock.o
                0x00000000000042e8                _S3x_Clk_Set_Rate
 .text.S3x_Clk_Init
                0x0000000000004330      0x15c /home/taifur/qorc-sdk/qf_apps/qf_ssi_ai_app/GCC_Project/output/s3x_clock.o
                0x0000000000004330                S3x_Clk_Init
 .text.S3x_Clk_Enable
                0x000000000000448c        0x4 /home/taifur/qorc-sdk/qf_apps/qf_ssi_ai_app/GCC_Project/output/s3x_clock_hal.o
                0x000000000000448c                S3x_Clk_Enable
 .text.S3x_Clk_Disable
                0x0000000000004490        0x4 /home/taifur/qorc-sdk/qf_apps/qf_ssi_ai_app/GCC_Project/output/s3x_clock_hal.o
                0x0000000000004490                S3x_Clk_Disable
 .text.S3x_Clk_Set_Rate
                0x0000000000004494        0x4 /home/taifur/qorc-sdk/qf_apps/qf_ssi_ai_app/GCC_Project/output/s3x_clock_hal.o
                0x0000000000004494                S3x_Clk_Set_Rate
 .text.S3x_Clk_Get_Rate
                0x0000000000004498        0x4 /home/taifur/qorc-sdk/qf_apps/qf_ssi_ai_app/GCC_Project/output/s3x_clock_hal.o
                0x0000000000004498                S3x_Clk_Get_Rate
 .text.DFS_cpuload
                0x000000000000449c       0x4c /home/taifur/qorc-sdk/qf_apps/qf_ssi_ai_app/GCC_Project/output/s3x_cpuload.o
                0x000000000000449c                DFS_cpuload
 .text.DFS_updatesleepticks
                0x00000000000044e8       0x10 /home/taifur/qorc-sdk/qf_apps/qf_ssi_ai_app/GCC_Project/output/s3x_cpuload.o
                0x00000000000044e8                DFS_updatesleepticks
 .text.DFS_resetsleepticks
                0x00000000000044f8        0xc /home/taifur/qorc-sdk/qf_apps/qf_ssi_ai_app/GCC_Project/output/s3x_cpuload.o
                0x00000000000044f8                DFS_resetsleepticks
 .text.DFS_UpdateTimer
                0x0000000000004504       0x5c /home/taifur/qorc-sdk/qf_apps/qf_ssi_ai_app/GCC_Project/output/s3x_dfs.o
 .text.DFS_StartTimer
                0x0000000000004560       0x88 /home/taifur/qorc-sdk/qf_apps/qf_ssi_ai_app/GCC_Project/output/s3x_dfs.o
                0x0000000000004560                DFS_StartTimer
 .text.S3x_Set_Policy
                0x00000000000045e8      0x108 /home/taifur/qorc-sdk/qf_apps/qf_ssi_ai_app/GCC_Project/output/s3x_dfs.o
                0x00000000000045e8                S3x_Set_Policy
 .text.S3x_get_max_rate_dfs_node
                0x00000000000046f0       0x28 /home/taifur/qorc-sdk/qf_apps/qf_ssi_ai_app/GCC_Project/output/s3x_dfs.o
                0x00000000000046f0                S3x_get_max_rate_dfs_node
 .text.S3x_Stepup_Policy
                0x0000000000004718       0x7c /home/taifur/qorc-sdk/qf_apps/qf_ssi_ai_app/GCC_Project/output/s3x_dfs.o
 .text.DFS_TimerCB
                0x0000000000004794        0xe /home/taifur/qorc-sdk/qf_apps/qf_ssi_ai_app/GCC_Project/output/s3x_dfs.o
 *fill*         0x00000000000047a2        0x2 
 .text.s3x_get_index_in_dfs_node
                0x00000000000047a4       0x20 /home/taifur/qorc-sdk/qf_apps/qf_ssi_ai_app/GCC_Project/output/s3x_dfs.o
                0x00000000000047a4                s3x_get_index_in_dfs_node
 .text.s3x_get_policy_max_rate
                0x00000000000047c4       0x2c /home/taifur/qorc-sdk/qf_apps/qf_ssi_ai_app/GCC_Project/output/s3x_dfs.o
                0x00000000000047c4                s3x_get_policy_max_rate
 .text.DFS_Get_Curr_Policy
                0x00000000000047f0        0xc /home/taifur/qorc-sdk/qf_apps/qf_ssi_ai_app/GCC_Project/output/s3x_dfs.o
                0x00000000000047f0                DFS_Get_Curr_Policy
 .text.DFS_Initialize
                0x00000000000047fc       0x14 /home/taifur/qorc-sdk/qf_apps/qf_ssi_ai_app/GCC_Project/output/s3x_dfs.o
                0x00000000000047fc                DFS_Initialize
 .text.trace_this
                0x0000000000004810       0x28 /home/taifur/qorc-sdk/qf_apps/qf_ssi_ai_app/GCC_Project/output/s3x_lpm.o
 .text.S3x_Register_Lpm_Cb
                0x0000000000004838       0x40 /home/taifur/qorc-sdk/qf_apps/qf_ssi_ai_app/GCC_Project/output/s3x_lpm.o
                0x0000000000004838                S3x_Register_Lpm_Cb
 .text.s3x_setup_systick_interrupt
                0x0000000000004878       0x54 /home/taifur/qorc-sdk/qf_apps/qf_ssi_ai_app/GCC_Project/output/s3x_lpm.o
                0x0000000000004878                s3x_setup_systick_interrupt
 .text.prvStopTickInterruptTimer
                0x00000000000048cc       0x10 /home/taifur/qorc-sdk/qf_apps/qf_ssi_ai_app/GCC_Project/output/s3x_lpm.o
                0x00000000000048cc                prvStopTickInterruptTimer
 .text.prvStartTickInterruptTimer
                0x00000000000048dc        0x8 /home/taifur/qorc-sdk/qf_apps/qf_ssi_ai_app/GCC_Project/output/s3x_lpm.o
                0x00000000000048dc                prvStartTickInterruptTimer
 .text.SysTick_Handler
                0x00000000000048e4       0x12 /home/taifur/qorc-sdk/qf_apps/qf_ssi_ai_app/GCC_Project/output/s3x_lpm.o
                0x00000000000048e4                SysTick_Handler
 .text.vPortSetupTimerInterrupt
                0x00000000000048f6        0x6 /home/taifur/qorc-sdk/qf_apps/qf_ssi_ai_app/GCC_Project/output/s3x_lpm.o
                0x00000000000048f6                vPortSetupTimerInterrupt
 .text.S3x_Pre_Lpm
                0x00000000000048fc       0x20 /home/taifur/qorc-sdk/qf_apps/qf_ssi_ai_app/GCC_Project/output/s3x_lpm.o
                0x00000000000048fc                S3x_Pre_Lpm
 .text.S3x_Post_Lpm
                0x000000000000491c       0x18 /home/taifur/qorc-sdk/qf_apps/qf_ssi_ai_app/GCC_Project/output/s3x_lpm.o
                0x000000000000491c                S3x_Post_Lpm
 .text.S3x_Lpm_Handler
                0x0000000000004934      0x28c /home/taifur/qorc-sdk/qf_apps/qf_ssi_ai_app/GCC_Project/output/s3x_lpm.o
                0x0000000000004934                S3x_Lpm_Handler
 .text.s3x_get_pi
                0x0000000000004bc0       0x20 /home/taifur/qorc-sdk/qf_apps/qf_ssi_ai_app/GCC_Project/output/s3x_pi.o
                0x0000000000004bc0                s3x_get_pi
 .text.s3x_get_pi_gindex
                0x0000000000004be0       0x14 /home/taifur/qorc-sdk/qf_apps/qf_ssi_ai_app/GCC_Project/output/s3x_pi.o
                0x0000000000004be0                s3x_get_pi_gindex
 .text.s3x_pi_get_st
                0x0000000000004bf4       0x24 /home/taifur/qorc-sdk/qf_apps/qf_ssi_ai_app/GCC_Project/output/s3x_pi.o
                0x0000000000004bf4                s3x_pi_get_st
 .text.s3x_pi_set_cfg_st
                0x0000000000004c18       0x94 /home/taifur/qorc-sdk/qf_apps/qf_ssi_ai_app/GCC_Project/output/s3x_pi.o
                0x0000000000004c18                s3x_pi_set_cfg_st
 .text.s3x_pi_set_active_st
                0x0000000000004cac       0xa8 /home/taifur/qorc-sdk/qf_apps/qf_ssi_ai_app/GCC_Project/output/s3x_pi.o
                0x0000000000004cac                s3x_pi_set_active_st
 .text.s3x_pi_get_clkg_st
                0x0000000000004d54       0x36 /home/taifur/qorc-sdk/qf_apps/qf_ssi_ai_app/GCC_Project/output/s3x_pi.o
                0x0000000000004d54                s3x_pi_get_clkg_st
 .text.s3x_pi_set_clkg_st
                0x0000000000004d8a       0x26 /home/taifur/qorc-sdk/qf_apps/qf_ssi_ai_app/GCC_Project/output/s3x_pi.o
                0x0000000000004d8a                s3x_pi_set_clkg_st
 .text.s3x_set_pi_state
                0x0000000000004db0        0xc /home/taifur/qorc-sdk/qf_apps/qf_ssi_ai_app/GCC_Project/output/s3x_pi.o
                0x0000000000004db0                s3x_set_pi_state
 .text.s3x_get_pi_init_state
                0x0000000000004dbc       0x18 /home/taifur/qorc-sdk/qf_apps/qf_ssi_ai_app/GCC_Project/output/s3x_pi.o
                0x0000000000004dbc                s3x_get_pi_init_state
 .text.S3x_pi_init
                0x0000000000004dd4       0x20 /home/taifur/qorc-sdk/qf_apps/qf_ssi_ai_app/GCC_Project/output/s3x_pi.o
                0x0000000000004dd4                S3x_pi_init
 .text.S3x_pwrcfg_init
                0x0000000000004df4       0x2c /home/taifur/qorc-sdk/qf_apps/qf_ssi_ai_app/GCC_Project/output/s3x_pwrcfg.o
                0x0000000000004df4                S3x_pwrcfg_init
 .text.s3x_sram_in_lpm
                0x0000000000004e20       0x1c /home/taifur/qorc-sdk/qf_apps/qf_ssi_ai_app/GCC_Project/output/s3x_pwrcfg.o
                0x0000000000004e20                s3x_sram_in_lpm
 .text.S3x_get_qos_rate
                0x0000000000004e3c       0x38 /home/taifur/qorc-sdk/qf_apps/qf_ssi_ai_app/GCC_Project/output/s3x_qos.o
                0x0000000000004e3c                S3x_get_qos_rate
 .text.save_assert_info
                0x0000000000004e74       0x74 /home/taifur/qorc-sdk/qf_apps/qf_ssi_ai_app/GCC_Project/output/sec_debug.o
                0x0000000000004e74                save_assert_info
 .text.invoke_soft_fault
                0x0000000000004ee8       0x20 /home/taifur/qorc-sdk/qf_apps/qf_ssi_ai_app/GCC_Project/output/sec_debug.o
                0x0000000000004ee8                invoke_soft_fault
 .text._Z21sensor_ssss_ai_configPv
                0x0000000000004f08        0x2 /home/taifur/qorc-sdk/qf_apps/qf_ssi_ai_app/GCC_Project/output/sensor_ssss.o
                0x0000000000004f08                sensor_ssss_ai_config(void*)
 .text._Z20sensor_ssss_ai_startv
                0x0000000000004f0a        0x4 /home/taifur/qorc-sdk/qf_apps/qf_ssi_ai_app/GCC_Project/output/sensor_ssss.o
                0x0000000000004f0a                sensor_ssss_ai_start()
 *fill*         0x0000000000004f0e        0x2 
 .text._Z29sensor_ssss_ai_data_processorP16st_QAI_DataBlockS0_PS0_PFviiPviE
                0x0000000000004f10       0x30 /home/taifur/qorc-sdk/qf_apps/qf_ssi_ai_app/GCC_Project/output/sensor_ssss.o
                0x0000000000004f10                sensor_ssss_ai_data_processor(st_QAI_DataBlock*, st_QAI_DataBlock*, st_QAI_DataBlock**, void (*)(int, int, void*, int))
 .text._Z19sensor_ssss_ai_stopv
                0x0000000000004f40        0x4 /home/taifur/qorc-sdk/qf_apps/qf_ssi_ai_app/GCC_Project/output/sensor_ssss.o
                0x0000000000004f40                sensor_ssss_ai_stop()
 *fill*         0x0000000000004f44        0x4 
 .text.sensor_ssss_acquisition_buffer_ready
                0x0000000000004f48       0xc8 /home/taifur/qorc-sdk/qf_apps/qf_ssi_ai_app/GCC_Project/output/sensor_ssss.o
                0x0000000000004f48                sensor_ssss_acquisition_buffer_ready
 .text.sensor_ssss_acquisition_read_callback
                0x0000000000005010       0x5c /home/taifur/qorc-sdk/qf_apps/qf_ssi_ai_app/GCC_Project/output/sensor_ssss.o
                0x0000000000005010                sensor_ssss_acquisition_read_callback
 .text.sensor_ssss_dataTimer_Callback
                0x000000000000506c        0x4 /home/taifur/qorc-sdk/qf_apps/qf_ssi_ai_app/GCC_Project/output/sensor_ssss.o
                0x000000000000506c                sensor_ssss_dataTimer_Callback
 .text.sensor_ssss_dataTimerStart
                0x0000000000005070       0x64 /home/taifur/qorc-sdk/qf_apps/qf_ssi_ai_app/GCC_Project/output/sensor_ssss.o
                0x0000000000005070                sensor_ssss_dataTimerStart
 .text.sensor_ssss_dataTimerStop
                0x00000000000050d4       0x20 /home/taifur/qorc-sdk/qf_apps/qf_ssi_ai_app/GCC_Project/output/sensor_ssss.o
                0x00000000000050d4                sensor_ssss_dataTimerStop
 .text.sensor_ssss_startstop
                0x00000000000050f4       0x2c /home/taifur/qorc-sdk/qf_apps/qf_ssi_ai_app/GCC_Project/output/sensor_ssss.o
                0x00000000000050f4                sensor_ssss_startstop
 .text.sensor_ssss_configure
                0x0000000000005120       0xa4 /home/taifur/qorc-sdk/qf_apps/qf_ssi_ai_app/GCC_Project/output/sensor_ssss.o
                0x0000000000005120                sensor_ssss_configure
 .text.sensor_ssss_set_first_data_block
                0x00000000000051c4       0x54 /home/taifur/qorc-sdk/qf_apps/qf_ssi_ai_app/GCC_Project/output/sensor_ssss.o
                0x00000000000051c4                sensor_ssss_set_first_data_block
 .text.sensor_ssss_block_processor
                0x0000000000005218       0x5c /home/taifur/qorc-sdk/qf_apps/qf_ssi_ai_app/GCC_Project/output/sensor_ssss.o
                0x0000000000005218                sensor_ssss_block_processor
 .text.display_class_oled
                0x0000000000005274       0xac /home/taifur/qorc-sdk/qf_apps/qf_ssi_ai_app/GCC_Project/output/sensor_ssss.o
                0x0000000000005274                display_class_oled
 .text.startup._GLOBAL__sub_I_sensor_rate_debug_gpio_val
                0x0000000000005320       0x28 /home/taifur/qorc-sdk/qf_apps/qf_ssi_ai_app/GCC_Project/output/sensor_ssss.o
 .text.sml_output_results
                0x0000000000005348       0x80 /home/taifur/qorc-sdk/qf_apps/qf_ssi_ai_app/GCC_Project/output/sml_output.o
                0x0000000000005348                sml_output_results
 .text.sml_recognition_run_batch
                0x00000000000053c8       0x48 /home/taifur/qorc-sdk/qf_apps/qf_ssi_ai_app/GCC_Project/output/sml_recognition_run.o
                0x00000000000053c8                sml_recognition_run_batch
 .text.Reset_Handler
                0x0000000000005410       0x2c /home/taifur/qorc-sdk/qf_apps/qf_ssi_ai_app/GCC_Project/output/startup_EOSS3B_GCC.o
                0x0000000000005410                Reset_Handler
 .text.__semihost_call
                0x000000000000543c        0x6 /home/taifur/qorc-sdk/qf_apps/qf_ssi_ai_app/GCC_Project/output/startup_EOSS3B_GCC.o
                0x000000000000543c                __semihost_call
 *fill*         0x0000000000005442        0x2 
 .text.prvGetExpectedIdleTime
                0x0000000000005444       0x3c /home/taifur/qorc-sdk/qf_apps/qf_ssi_ai_app/GCC_Project/output/tasks.o
 .text.prvResetNextTaskUnblockTime
                0x0000000000005480       0x24 /home/taifur/qorc-sdk/qf_apps/qf_ssi_ai_app/GCC_Project/output/tasks.o
 .text.prvAddCurrentTaskToDelayedList
                0x00000000000054a4       0x8c /home/taifur/qorc-sdk/qf_apps/qf_ssi_ai_app/GCC_Project/output/tasks.o
 .text.xTaskCreate
                0x0000000000005530      0x1e0 /home/taifur/qorc-sdk/qf_apps/qf_ssi_ai_app/GCC_Project/output/tasks.o
                0x0000000000005530                xTaskCreate
 .text.vTaskStartScheduler
                0x0000000000005710       0x98 /home/taifur/qorc-sdk/qf_apps/qf_ssi_ai_app/GCC_Project/output/tasks.o
                0x0000000000005710                vTaskStartScheduler
 .text.vTaskSuspendAll
                0x00000000000057a8       0x10 /home/taifur/qorc-sdk/qf_apps/qf_ssi_ai_app/GCC_Project/output/tasks.o
                0x00000000000057a8                vTaskSuspendAll
 .text.xTaskGetTickCount
                0x00000000000057b8        0xc /home/taifur/qorc-sdk/qf_apps/qf_ssi_ai_app/GCC_Project/output/tasks.o
                0x00000000000057b8                xTaskGetTickCount
 .text.xTaskGetTickCountFromISR
                0x00000000000057c4       0x10 /home/taifur/qorc-sdk/qf_apps/qf_ssi_ai_app/GCC_Project/output/tasks.o
                0x00000000000057c4                xTaskGetTickCountFromISR
 .text.vTaskStepTick
                0x00000000000057d4       0x44 /home/taifur/qorc-sdk/qf_apps/qf_ssi_ai_app/GCC_Project/output/tasks.o
                0x00000000000057d4                vTaskStepTick
 .text.xTaskIncrementTick
                0x0000000000005818      0x14c /home/taifur/qorc-sdk/qf_apps/qf_ssi_ai_app/GCC_Project/output/tasks.o
                0x0000000000005818                xTaskIncrementTick
 .text.xTaskResumeAll
                0x0000000000005964      0x100 /home/taifur/qorc-sdk/qf_apps/qf_ssi_ai_app/GCC_Project/output/tasks.o
                0x0000000000005964                xTaskResumeAll
 .text.prvIdleTask
                0x0000000000005a64       0xc4 /home/taifur/qorc-sdk/qf_apps/qf_ssi_ai_app/GCC_Project/output/tasks.o
 .text.vTaskSwitchContext
                0x0000000000005b28       0xb8 /home/taifur/qorc-sdk/qf_apps/qf_ssi_ai_app/GCC_Project/output/tasks.o
                0x0000000000005b28                vTaskSwitchContext
 .text.vTaskPlaceOnEventList
                0x0000000000005be0       0x48 /home/taifur/qorc-sdk/qf_apps/qf_ssi_ai_app/GCC_Project/output/tasks.o
                0x0000000000005be0                vTaskPlaceOnEventList
 .text.vTaskPlaceOnEventListRestricted
                0x0000000000005c28       0x50 /home/taifur/qorc-sdk/qf_apps/qf_ssi_ai_app/GCC_Project/output/tasks.o
                0x0000000000005c28                vTaskPlaceOnEventListRestricted
 .text.xTaskRemoveFromEventList
                0x0000000000005c78       0x9c /home/taifur/qorc-sdk/qf_apps/qf_ssi_ai_app/GCC_Project/output/tasks.o
                0x0000000000005c78                xTaskRemoveFromEventList
 .text.vTaskInternalSetTimeOutState
                0x0000000000005d14       0x18 /home/taifur/qorc-sdk/qf_apps/qf_ssi_ai_app/GCC_Project/output/tasks.o
                0x0000000000005d14                vTaskInternalSetTimeOutState
 .text.xTaskCheckForTimeOut
                0x0000000000005d2c       0x94 /home/taifur/qorc-sdk/qf_apps/qf_ssi_ai_app/GCC_Project/output/tasks.o
                0x0000000000005d2c                xTaskCheckForTimeOut
 .text.vTaskMissedYield
                0x0000000000005dc0        0xc /home/taifur/qorc-sdk/qf_apps/qf_ssi_ai_app/GCC_Project/output/tasks.o
                0x0000000000005dc0                vTaskMissedYield
 .text.uxTaskGetTCBNumber
                0x0000000000005dcc       0x14 /home/taifur/qorc-sdk/qf_apps/qf_ssi_ai_app/GCC_Project/output/tasks.o
                0x0000000000005dcc                uxTaskGetTCBNumber
 .text.eTaskConfirmSleepModeStatus
                0x0000000000005de0       0x34 /home/taifur/qorc-sdk/qf_apps/qf_ssi_ai_app/GCC_Project/output/tasks.o
                0x0000000000005de0                eTaskConfirmSleepModeStatus
 .text.xTaskGetCurrentTaskHandle
                0x0000000000005e14        0xc /home/taifur/qorc-sdk/qf_apps/qf_ssi_ai_app/GCC_Project/output/tasks.o
                0x0000000000005e14                xTaskGetCurrentTaskHandle
 .text.xTaskGetSchedulerState
                0x0000000000005e20       0x20 /home/taifur/qorc-sdk/qf_apps/qf_ssi_ai_app/GCC_Project/output/tasks.o
                0x0000000000005e20                xTaskGetSchedulerState
 .text.xTaskPriorityInherit
                0x0000000000005e40       0xa8 /home/taifur/qorc-sdk/qf_apps/qf_ssi_ai_app/GCC_Project/output/tasks.o
                0x0000000000005e40                xTaskPriorityInherit
 .text.xTaskPriorityDisinherit
                0x0000000000005ee8       0xc4 /home/taifur/qorc-sdk/qf_apps/qf_ssi_ai_app/GCC_Project/output/tasks.o
                0x0000000000005ee8                xTaskPriorityDisinherit
 .text.vTaskPriorityDisinheritAfterTimeout
                0x0000000000005fac       0xd8 /home/taifur/qorc-sdk/qf_apps/qf_ssi_ai_app/GCC_Project/output/tasks.o
                0x0000000000005fac                vTaskPriorityDisinheritAfterTimeout
 .text.pvTaskIncrementMutexHeldCount
                0x0000000000006084       0x18 /home/taifur/qorc-sdk/qf_apps/qf_ssi_ai_app/GCC_Project/output/tasks.o
                0x0000000000006084                pvTaskIncrementMutexHeldCount
 .text.prvCheckForValidListAndQueue
                0x000000000000609c       0x58 /home/taifur/qorc-sdk/qf_apps/qf_ssi_ai_app/GCC_Project/output/timers.o
 .text.prvInsertTimerInActiveList
                0x00000000000060f4       0x3c /home/taifur/qorc-sdk/qf_apps/qf_ssi_ai_app/GCC_Project/output/timers.o
 .text.xTimerCreateTimerTask
                0x0000000000006130       0x64 /home/taifur/qorc-sdk/qf_apps/qf_ssi_ai_app/GCC_Project/output/timers.o
                0x0000000000006130                xTimerCreateTimerTask
 .text.xTimerCreate
                0x0000000000006194       0x58 /home/taifur/qorc-sdk/qf_apps/qf_ssi_ai_app/GCC_Project/output/timers.o
                0x0000000000006194                xTimerCreate
 .text.xTimerGenericCommand
                0x00000000000061ec       0x70 /home/taifur/qorc-sdk/qf_apps/qf_ssi_ai_app/GCC_Project/output/timers.o
                0x00000000000061ec                xTimerGenericCommand
 .text.prvSwitchTimerLists
                0x000000000000625c       0x90 /home/taifur/qorc-sdk/qf_apps/qf_ssi_ai_app/GCC_Project/output/timers.o
 .text.prvTimerTask
                0x00000000000062ec      0x218 /home/taifur/qorc-sdk/qf_apps/qf_ssi_ai_app/GCC_Project/output/timers.o
 .text          0x0000000000006504      0x978 /home/taifur/qorc-sdk/qf_apps/qf_ssi_ai_app/knowledgepack/sensiml/libsensiml.a(kb.o)
                0x0000000000006504                ring_buffer_init
                0x0000000000006534                kb_model_init
                0x00000000000065ec                kb_flush_model_buffer
                0x0000000000006658                flush_model
                0x0000000000006680                kb_data_streaming_reset
                0x00000000000066a8                kb_reset_model
                0x00000000000066d0                kb_reset_feature_banks
                0x00000000000066e4                kb_feature_generation_reset
                0x0000000000006728                kb_feature_generation_increment
                0x000000000000674c                kb_recognize
                0x0000000000006780                kb_feature_transform
                0x000000000000679c                kb_feature_generation
                0x00000000000067c4                kb_data_streaming
                0x00000000000067e4                kb_segmentation
                0x0000000000006810                kb_run_model
                0x0000000000006918                kb_run_model_with_cascade_reset
                0x0000000000006a28                kb_add_segment
                0x0000000000006a7c                kb_run_segment
                0x0000000000006b68                kb_run_segment_with_cascade_reset
                0x0000000000006c84                kb_add_last_pattern_to_model
                0x0000000000006ca0                kb_add_custom_pattern_to_model
                0x0000000000006cb4                kb_score_model
                0x0000000000006cb8                kb_retrain_model
                0x0000000000006cbc                kb_get_model_header
                0x0000000000006cec                kb_get_model_pattern
                0x0000000000006d10                kb_get_model_uuid_ptr
                0x0000000000006d28                kb_get_feature_vector_size
                0x0000000000006d38                kb_get_feature_vector_v2
                0x0000000000006d60                kb_get_feature_vector
                0x0000000000006d90                sml_get_segment_length
                0x0000000000006da4                kb_get_segment_length
                0x0000000000006db4                kb_get_segment_data
                0x0000000000006e00                kb_set_feature_vector
                0x0000000000006e34                kb_recognize_feature_vector
                0x0000000000006e68                kb_get_classification_result_info
                0x0000000000006e6c                kb_print_model_score
                0x0000000000006e70                kb_get_segment_start
 .text          0x0000000000006e7c     0x15b4 /home/taifur/qorc-sdk/qf_apps/qf_ssi_ai_app/knowledgepack/sensiml/libsensiml.a(pme.o)
                0x0000000000006e7c                radial_bias_function_unique_category
                0x0000000000006e80                radial_bias_function
                0x0000000000006f10                k__nearest_neighbor
                0x0000000000006f48                distance_by_weight
                0x0000000000007000                delete_node
                0x0000000000007020                sort_by_smallest_distance
                0x0000000000007028                list_to_sort
                0x000000000000725c                sort_results_by_distance
                0x0000000000007270                allocate_memory
                0x00000000000072f4                pme_init
                0x000000000000730c                pme_simple_init
                0x0000000000007324                find_classifier_index
                0x0000000000007368                pme_add_new_pattern
                0x00000000000074c4                pme_rebalance_patterns
                0x0000000000007650                pme_print_model_scores
                0x000000000000778c                pme_return_pattern
                0x00000000000077e4                pme_flush_model
                0x00000000000078fc                pme_get_number_patterns
                0x000000000000794c                pme_submit_pattern
                0x0000000000007b34                reduce_influence_fields
                0x0000000000007ba8                pme_retrieve_results
                0x0000000000007cd4                pme_simple_submit_pattern
                0x0000000000007e6c                pme_simple_submit_pattern_set_result
                0x0000000000008010                pme_learn_pattern
                0x0000000000008390                pme_score_pattern
 .text          0x0000000000008430       0x50 /home/taifur/qorc-sdk/qf_apps/qf_ssi_ai_app/knowledgepack/sensiml/libsensiml.a(dsp_l1_distance.o)
                0x0000000000008430                l1_distance
 .text          0x0000000000008480       0x10 /home/taifur/qorc-sdk/qf_apps/qf_ssi_ai_app/knowledgepack/sensiml/libsensiml.a(dsp_dtw_distance.o)
                0x0000000000008480                compute_distance_matrix
                0x0000000000008484                compute_warping_distance
                0x0000000000008488                get_distance_matrix_value
                0x000000000000848c                get_globdist
 .text          0x0000000000008490       0x40 /home/taifur/qorc-sdk/qf_apps/qf_ssi_ai_app/knowledgepack/sensiml/libsensiml.a(sorted_copy.o)
                0x0000000000008490                sorted_copy
 .text          0x00000000000084d0        0xc /home/taifur/qorc-sdk/qf_apps/qf_ssi_ai_app/knowledgepack/sensiml/libsensiml.a(utils_bitwise_abs_val.o)
                0x00000000000084d0                bitwise_absolute_value
 .text          0x00000000000084dc       0x2c /home/taifur/qorc-sdk/qf_apps/qf_ssi_ai_app/knowledgepack/sensiml/libsensiml.a(sg_windowing.o)
                0x00000000000084dc                tr_windowing
                0x00000000000084f0                tr_windowing_init
 .text          0x0000000000008508      0x1d0 /home/taifur/qorc-sdk/qf_apps/qf_ssi_ai_app/knowledgepack/sensiml/libsensiml.a(kb_pipeline.o)
                0x0000000000008508                KB_data_streaming_load_pipeline_rank_0
                0x0000000000008534                KB_data_segmentation_load_pipeline_rank_0
                0x0000000000008578                KB_feature_gen_model_load_pipeline_rank_0
                0x0000000000008690                KB_feature_transform_load_pipeline_rank_0
                0x00000000000086cc                KB_recognize_vector_load_pipeline_rank_0
 .text          0x00000000000086d8       0x54 /home/taifur/qorc-sdk/qf_apps/qf_ssi_ai_app/knowledgepack/sensiml/libsensiml.a(fg_stats_mean.o)
                0x00000000000086d8                fg_stats_mean
 .text          0x000000000000872c       0x4c /home/taifur/qorc-sdk/qf_apps/qf_ssi_ai_app/knowledgepack/sensiml/libsensiml.a(save_sensor_data.o)
                0x000000000000872c                saveSensorData
                0x0000000000008750                saveSenseDataOffset
 .text          0x0000000000008778       0x6c /home/taifur/qorc-sdk/qf_apps/qf_ssi_ai_app/knowledgepack/sensiml/libsensiml.a(sortarray.o)
                0x0000000000008778                sortarray
 .text          0x00000000000087e4       0x44 /home/taifur/qorc-sdk/qf_apps/qf_ssi_ai_app/knowledgepack/sensiml/libsensiml.a(dsp_lsup_distance.o)
                0x00000000000087e4                lsup_distance
 .text          0x0000000000008828       0x78 /home/taifur/qorc-sdk/qf_apps/qf_ssi_ai_app/knowledgepack/sensiml/libsensiml.a(fg_roc_sigma_crossing_rate.o)
                0x0000000000008828                fg_roc_sigma_crossing_rate
 .text          0x00000000000088a0      0x210 /home/taifur/qorc-sdk/qf_apps/qf_ssi_ai_app/knowledgepack/sensiml/libsensiml.a(rb.o)
                0x00000000000088a0                next_pow_2
                0x00000000000088bc                rb_init
                0x00000000000088c8                setup_rb
                0x00000000000088d4                setup_rb_with_data